{
  "scope": "FIXED_BASE_ONLY; not a global lower bound for K7(9,4)",
  "code_sha256": "6d1b0e1abb8079df06a28d5301607d3d5247e0f2005d72e13f695ce26f6e6b52",
  "base_size": 1029,
  "uncovered_words": 9261,
  "uncovered_orbits": 27,
  "all_ambient_centers": 40353607,
  "quotient_centers_checked": 117649,
  "ball_volume": 182791,
  "maximum_holes_covered_by_one_arbitrary_word": 68,
  "attaining_center": "000314403",
  "attaining_center_literal_coverage": 68,
  "minimum_patch_words_by_counting": 137,
  "fixed_base_total_lower_bound": 1166,
  "coverage_histogram": {
    "0": 3,
    "17": 2,
    "18": 1,
    "19": 1,
    "20": 4,
    "21": 3,
    "22": 8,
    "23": 16,
    "24": 32,
    "25": 53,
    "26": 100,
    "27": 166,
    "28": 291,
    "29": 501,
    "30": 746,
    "31": 1038,
    "32": 1537,
    "33": 2234,
    "34": 2881,
    "35": 3783,
    "36": 4759,
    "37": 5709,
    "38": 6669,
    "39": 7544,
    "40": 8161,
    "41": 8451,
    "42": 8717,
    "43": 8687,
    "44": 8154,
    "45": 7486,
    "46": 6621,
    "47": 5590,
    "48": 4755,
    "49": 3724,
    "50": 2893,
    "51": 2052,
    "52": 1554,
    "53": 1038,
    "54": 678,
    "55": 423,
    "56": 233,
    "57": 150,
    "58": 92,
    "59": 47,
    "60": 33,
    "61": 17,
    "62": 6,
    "63": 2,
    "64": 1,
    "65": 2,
    "68": 1
  },
  "original_patch_centers_literal_cross_checked": 322,
  "runtime_seconds": 0.2602344560000347,
  "certificate": "kernel.u16le + center-coverage.u16le",
  "kernel_sha256": "d66fde8bf5eb51751206eb010b11e4f18b935f23205ab5fa49a9bec6cc2177b9",
  "coverage_sha256": "49dfeff0574b634097ec24ad8b39dd2194135a44ad93cf59b4f640dfd70a476d"
}
