make -C research/covering-codes verify-q7-9-4-1344-computational
make[1]: Entering directory '/workspace/james-theorems/research/covering-codes'
python3 tools/verify_case.py q7_n9_r4_m1344 --computational-only
code.txt: OK
{
  "status": "PASS",
  "q": 7,
  "n": 9,
  "R": 4,
  "M": 1344,
  "code_sha256": "6a1653b6697b4ed2c8753b2ae5f5a6c0878a05b7cc47873d11b0387b11703db9",
  "certificate_sha256": "a5df44128b6d9740fc5d712154f38fae37cbfd8518c7c995a9eb2d451f309aac",
  "parent_code_sha256": "6d1b0e1abb8079df06a28d5301607d3d5247e0f2005d72e13f695ce26f6e6b52",
  "base_size": 1029,
  "quotient_words": 117649,
  "exception_words": 9261,
  "ambient_words": 40353607,
  "payload_bytes": 253820,
  "formal_status": "NOT_REPLAYED_IN_LEAN",
  "runtime_seconds": 0.03674767800112022
}
{"status": "COMPUTATIONALLY_VERIFIED", "formal": "NOT_CLAIMED", "sha256": "6a1653b6697b4ed2c8753b2ae5f5a6c0878a05b7cc47873d11b0387b11703db9"}
make[1]: Leaving directory '/workspace/james-theorems/research/covering-codes'
