make -C research/covering-codes verify-q7-9-4-1344
make[1]: Entering directory '/workspace/james-theorems/research/covering-codes'
python3 tools/verify_case.py q7_n9_r4_m1344
code.txt: OK
{
  "status": "PASS",
  "q": 7,
  "n": 9,
  "R": 4,
  "M": 1344,
  "code_sha256": "6a1653b6697b4ed2c8753b2ae5f5a6c0878a05b7cc47873d11b0387b11703db9",
  "certificate_sha256": "a5df44128b6d9740fc5d712154f38fae37cbfd8518c7c995a9eb2d451f309aac",
  "parent_code_sha256": "6d1b0e1abb8079df06a28d5301607d3d5247e0f2005d72e13f695ce26f6e6b52",
  "base_size": 1029,
  "quotient_words": 117649,
  "exception_words": 9261,
  "ambient_words": 40353607,
  "payload_bytes": 253820,
  "formal_status": "NOT_REPLAYED_IN_LEAN",
  "runtime_seconds": 0.026451443001860753
}
ℹ [3334/3336] Replayed CoveringRecords.CompactReplay
info: CoveringRecords/CompactReplay.lean:43:0: 'CoveringRecords.CompactReplay.covers_of_partition' depends on axioms: [propext, Classical.choice, Quot.sound]
info: CoveringRecords/CompactReplay.lean:44:0: 'CoveringRecords.CompactReplay.principal_upper_of_partition' depends on axioms: [propext, Classical.choice, Quot.sound]
info: CoveringRecords/CompactReplay.lean:45:0: 'CoveringRecords.CompactReplay.original_first_word_member' depends on axioms: [propext, Classical.choice, Quot.sound]
info: CoveringRecords/CompactReplay.lean:46:0: 'CoveringRecords.CompactReplay.original_first_word_covers_pilot' depends on axioms: [propext,
 Classical.choice,
 Quot.sound]
Build completed successfully (3336 jobs).
'CoveringRecords.principalClaim_of_explicit' depends on axioms: [propext, Classical.choice, Quot.sound]
'CoveringRecords.q2_n3_r1_m2' depends on axioms: [propext, Classical.choice, Quot.sound]
'CoveringRecords.covers_of_selector' depends on axioms: [propext, Classical.choice, Quot.sound]
'CoveringRecords.principal_card_le' depends on axioms: [propext, Classical.choice, Quot.sound]
'CoveringRecords.hammingSphere_q7_n9_r4' depends on axioms: [propext, Classical.choice, Quot.sound]
'CoveringRecords.sphereLower_q7_n9_r4' depends on axioms: [propext, Classical.choice, Quot.sound]
'CoveringRecords.Orbit.linear_add' depends on axioms: [propext, Classical.choice, Quot.sound]
'CoveringRecords.Orbit.hamming_translate' depends on axioms: [propext, Classical.choice, Quot.sound]
'CoveringRecords.Orbit.normalize_prefix' depends on axioms: [propext, Classical.choice, Quot.sound]
'CoveringRecords.Orbit.coefficients_linear' depends on axioms: [propext, Classical.choice, Quot.sound]
'CoveringRecords.Orbit.linear_injective' depends on axioms: [propext, Classical.choice, Quot.sound]
'CoveringRecords.Orbit.decomposition' depends on axioms: [propext, Classical.choice, Quot.sound]
'CoveringRecords.Orbit.coset_transport' depends on axioms: [propext, Classical.choice, Quot.sound]
'CoveringRecords.Orbit.coset_card' depends on axioms: [propext, Classical.choice, Quot.sound]
'CoveringRecords.Orbit.cosets_transport' depends on axioms: [propext, Classical.choice, Quot.sound]
'CoveringRecords.Orbit.transport_normalization' depends on axioms: [propext, Classical.choice, Quot.sound]
'CoveringRecords.CompactReplay.covers_of_partition' depends on axioms: [propext, Classical.choice, Quot.sound]
'CoveringRecords.CompactReplay.principal_upper_of_partition' depends on axioms: [propext, Classical.choice, Quot.sound]
'CoveringRecords.CompactReplay.original_first_word_member' depends on axioms: [propext, Classical.choice, Quot.sound]
'CoveringRecords.CompactReplay.original_first_word_covers_pilot' depends on axioms: [propext,
 Classical.choice,
 Quot.sound]
{"status": "COMPUTATIONALLY_VERIFIED", "formal": "BLOCKED_MISSING_REPLAY", "sha256": "6a1653b6697b4ed2c8753b2ae5f5a6c0878a05b7cc47873d11b0387b11703db9"}
make[1]: *** [Makefile:36: verify-q7-9-4-1344] Error 3
make[1]: Leaving directory '/workspace/james-theorems/research/covering-codes'
make: *** [Makefile:16: verify-q7-9-4-1344] Error 2
