make -C research/covering-codes verify-all-computational
make[1]: Entering directory '/workspace/james-theorems/research/covering-codes'
code.txt: OK
originals/6d1b0e1abb8079df06a28d5301607d3d5247e0f2005d72e13f695ce26f6e6b52.bin: OK
witness.u16le.gz: OK
witness-metadata.json: OK
{
  "status": "PASS",
  "ambient_words": 40353607,
  "code_sha256": "6d1b0e1abb8079df06a28d5301607d3d5247e0f2005d72e13f695ce26f6e6b52",
  "certificate_sha256": "6f4425a72b66efa284e7ffc1bfd20117fc058e44bb46b37650f2c9dca5a72d2a",
  "max_witness_distance": 4,
  "runtime_seconds": 2.305509493000045,
  "formal_status": "NOT_REPLAYED_IN_LEAN"
}
{"status": "COMPUTATIONALLY_VERIFIED", "formal": "NOT_CLAIMED", "sha256": "6d1b0e1abb8079df06a28d5301607d3d5247e0f2005d72e13f695ce26f6e6b52"}
code.txt: OK
originals/83c0f109876b9773867e2e3680e2e04862c3ad641df47d8c56139445403d7410.bin: OK
{"status": "COMPUTATIONALLY_VERIFIED", "formal": "NOT_CLAIMED", "sha256": "83c0f109876b9773867e2e3680e2e04862c3ad641df47d8c56139445403d7410"}
code.txt: OK
originals/52a85f1b069e06df3c8503a3001e90d8d8170139e05b4ced05c5b8dabe5c27c3.bin: OK
{"status": "COMPUTATIONALLY_VERIFIED", "formal": "NOT_CLAIMED", "sha256": "52a85f1b069e06df3c8503a3001e90d8d8170139e05b4ced05c5b8dabe5c27c3"}
code.txt: OK
originals/334d055a45bcc7fffd7cc7ed5cefd719e8787587ced1b66b44cc85785a6bdea6.bin: OK
{"status": "COMPUTATIONALLY_VERIFIED", "formal": "NOT_CLAIMED", "sha256": "334d055a45bcc7fffd7cc7ed5cefd719e8787587ced1b66b44cc85785a6bdea6"}
code.txt: OK
originals/ba1ec554be784e105c9c729c0cb5ea08c5cf10d120ee617ede96d864a83e53b9.bin: OK
{"status": "COMPUTATIONALLY_VERIFIED", "formal": "NOT_CLAIMED", "sha256": "ba1ec554be784e105c9c729c0cb5ea08c5cf10d120ee617ede96d864a83e53b9"}
code.txt: OK
originals/c605e57c41117da0141fdd88dc3972598fb4dd6e02bedc3edd477330f3bf5922.bin: OK
{"status": "COMPUTATIONALLY_VERIFIED", "formal": "NOT_CLAIMED", "sha256": "c605e57c41117da0141fdd88dc3972598fb4dd6e02bedc3edd477330f3bf5922"}
code.txt: OK
originals/136e55ebc1151ce5b1eaac414f6735209e8d4f4136352018b516d65140b58499.bin: OK
{"status": "COMPUTATIONALLY_VERIFIED", "formal": "NOT_CLAIMED", "sha256": "136e55ebc1151ce5b1eaac414f6735209e8d4f4136352018b516d65140b58499"}
code.txt: OK
originals/07e2f3c1c65608b037fb13a2e85fd9ea25c2ace2bcc9e30a128e1833c2d06e28.bin: OK
{"status": "COMPUTATIONALLY_VERIFIED", "formal": "NOT_CLAIMED", "sha256": "07e2f3c1c65608b037fb13a2e85fd9ea25c2ace2bcc9e30a128e1833c2d06e28"}
make[1]: Leaving directory '/workspace/james-theorems/research/covering-codes'
