✔ [5/26] Built Batteries.Lean.Expr (755ms)
✔ [6/31] Built Batteries.CodeAction.Deprecated (1.5s)
✔ [7/32] Built Batteries.Tactic.Unreachable (973ms)
✔ [8/39] Built Batteries.Data.Array.Merge (1.9s)
✔ [9/39] Built Batteries.Lean.TagAttribute (558ms)
✔ [10/42] Built Batteries.Linter.UnreachableTactic (1.3s)
✔ [11/42] Built Batteries.Tactic.Init (1.6s)
✔ [12/42] Built Batteries.Util.ProofWanted (800ms)
✔ [13/53] Built Batteries.Tactic.SeqFocus (1.1s)
✔ [14/59] Built Batteries.Tactic.Alias (2.9s)
✔ [15/59] Built Batteries.Lean.AttributeExtra (804ms)
✔ [16/67] Built Batteries.Control.Lemmas (718ms)
✔ [40/78] Built Batteries.Lean.MonadBacktrack (971ms)
✔ [47/83] Built Batteries.Tactic.PermuteGoals (985ms)
✔ [48/88] Built Batteries.Lean.Meta.Inaccessible (947ms)
✔ [50/89] Built Batteries.Linter.UnnecessarySeqFocus (2.4s)
✔ [51/89] Built Batteries.Control.LawfulMonadState (2.7s)
✔ [52/91] Built Batteries.Lean.Meta.UnusedNames (955ms)
✔ [53/92] Built Batteries.Lean.Meta.Expr (574ms)
✔ [54/92] Built Batteries.Lean.PersistentHashMap (699ms)
✔ [55/94] Built Batteries.Linter (658ms)
✔ [56/124] Built Batteries.Control.OptionT (786ms)
✔ [57/124] Built Batteries.Lean.PersistentHashSet (769ms)
✔ [63/144] Built Batteries.Lean.Meta.DiscrTree (804ms)
✔ [65/144] Built Batteries.Tactic.Basic (957ms)
✔ [66/180] Built Batteries.Lean.HashSet (710ms)
✔ [68/180] Built Batteries.Control.AlternativeMonad (1.1s)
✔ [69/180] Built Batteries.Control.ForInStep.Basic (729ms)
✔ [70/184] Built Batteries.Logic (1.2s)
✔ [71/185] Built Batteries.Classes.Order (1.4s)
✔ [72/185] Built Batteries.Util.LibraryNote (1.3s)
✔ [73/187] Built Batteries.Lean.Meta.Basic (1.3s)
✔ [74/187] Built Batteries.Lean.Meta.InstantiateMVars (728ms)
✔ [75/188] Built Batteries.Data.UInt (1.4s)
✔ [78/197] Built Batteries.Lean.Meta.SavedState (785ms)
✔ [81/198] Built Mathlib.Tactic.Linter.DirectoryDependency (2.8s)
✔ [82/203] Built Batteries.Tactic.Lint.Basic (2.2s)
✔ [83/203] Built Mathlib.Tactic.Linter.Header (4.1s)
✔ [84/205] Built Batteries.Tactic.Lint.Misc (2.9s)
✔ [85/205] Built Mathlib.Lean.Environment (1.1s)
✔ [86/205] Built Batteries.Data.Array.Basic (7.7s)
✔ [87/205] Built Mathlib.Tactic.Linter.UnusedTacticExtension (1.7s)
✔ [88/205] Built Mathlib.Lean.Expr.Basic (2.8s)
✔ [89/205] Built Mathlib.Tactic.Linter.TacticDocumentation (910ms)
✔ [90/205] Built Batteries.Data.BinomialHeap.Basic (10s)
✔ [91/205] Built Mathlib.Tactic.Linter.PrivateModule (1.1s)
✔ [92/205] Built Mathlib.Tactic.Linter.OldObtain (1.0s)
✔ [93/205] Built Mathlib.Tactic.Linter.GlobalAttributeIn (1.0s)
✔ [94/205] Built Mathlib.Tactic.Linter.HashCommandLinter (1.3s)
✔ [95/205] Built Mathlib.Tactic.Linter.Multigoal (1.7s)
✔ [96/205] Built Mathlib.Tactic.Linter.EmptyLine (1.0s)
✔ [97/205] Built Mathlib.Tactic.Linter.FlexibleLinter (3.7s)
✔ [98/206] Built Mathlib.Tactic.Linter.DocPrime (2.3s)
✔ [99/206] Built Mathlib.Tactic.Linter.DocString (2.4s)
✔ [100/206] Built Mathlib.Tactic.Lemma (537ms)
✔ [102/206] Built Mathlib.Lean.Linter (974ms)
✔ [103/206] Built Mathlib.Tactic.DeclarationNames (949ms)
✔ [104/206] Built Mathlib.Tactic.Linter.DeprecatedSyntaxLinter (2.0s)
✔ [109/207] Built Mathlib.Lean.Elab.InfoTree (1.3s)
✔ [115/209] Built Mathlib.Tactic.Linter.UnusedTactic (1.6s)
✔ [139/211] Built Mathlib.Tactic.Linter.Whitespace (3.1s)
✔ [141/213] Built Mathlib.Lean.Elab.Tactic.Meta (1.6s)
✔ [144/215] Built Mathlib.Tactic.Linter.UnusedInstancesInType (2.8s)
✔ [162/221] Built Mathlib.Lean.ContextInfo (1.1s)
✔ [171/221] Built Mathlib.Util.ParseCommand (961ms)
✔ [178/223] Built Mathlib.Tactic.Linter.Style (4.5s)
✔ [180/223] Built Mathlib.Tactic.TypeStar (725ms)
✔ [193/224] Built ImportGraph.Imports.ImportGraph (622ms)
✔ [194/224] Built ImportGraph.Lean.Environment (960ms)
✔ [206/225] Built ImportGraph.Graph.TransitiveClosure (578ms)
✔ [207/227] Built ImportGraph.Imports.Redundant (1.0s)
✔ [209/227] Built Mathlib.Tactic.TacticAnalysis (2.6s)
✔ [217/229] Built ImportGraph.Tools.ImportDiff (1.0s)
✔ [218/233] Built ImportGraph.Tools.RedundantImports (959ms)
✔ [219/235] Built ImportGraph.Imports.RequiredModules (1.6s)
✔ [220/235] Built Batteries.Tactic.HelpCmd (4.2s)
✔ [221/235] Built Batteries.Tactic.Lint.TypeClass (1.0s)
✔ [222/235] Built Batteries.Tactic.Lint.Simp (2.6s)
✔ [223/235] Built ImportGraph.Tools.MinImports (1.3s)
✔ [224/238] Built Batteries.Lean.NameMapAttribute (842ms)
✔ [225/239] Built Mathlib.Tactic.MinImports (2.5s)
✔ [226/253] Built ImportGraph.Tools.FindHome (1.5s)
✔ [227/254] Built Batteries.Tactic.Lint.Frontend (2.0s)
✔ [228/261] Built ImportGraph.Tools (912ms)
✔ [229/265] Built Batteries.Tactic.Lint (1.0s)
✔ [230/265] Built Mathlib.Tactic.ExtractGoal (2.0s)
✔ [231/299] Built Batteries.Util.ExtendedBinder (1.7s)
✔ [232/344] Built Mathlib.Tactic.Linter.Lint (1.9s)
✔ [233/347] Built Batteries.Lean.Syntax (728ms)
✔ [234/354] Built Batteries.Lean.Except (725ms)
✔ [235/376] Built Batteries.Tactic.Exact (1.1s)
✔ [236/397] Built Batteries.Tactic.Trans (5.5s)
✔ [237/399] Built Batteries.Data.Nat.Basic (975ms)
✔ [238/414] Built Mathlib.Tactic.Lift (2.9s)
✔ [255/418] Built Mathlib.Tactic.TacticAnalysis.Declarations (6.8s)
✔ [265/418] Built Batteries.CodeAction.Attr (2.5s)
✔ [266/418] Built Mathlib.Init (2.4s)
✔ [271/423] Built Batteries.Tactic.Case (4.0s)
✔ [272/423] Built Batteries.Lean.Position (1.4s)
✔ [273/423] Built Batteries.CodeAction.Basic (1.6s)
✔ [274/423] Built Mathlib.Tactic.ToExpr (1.8s)
✔ [275/423] Built Mathlib.Tactic.Coe (1.0s)
✔ [276/423] Built Mathlib.Util.AtLocation (2.3s)
✔ [277/423] Built Mathlib.Data.Option.Defs (1.9s)
✔ [278/423] Built Mathlib.Control.Combinators (1.9s)
✔ [279/423] Built Mathlib.Data.Ordering.Basic (1.4s)
✔ [280/423] Built Mathlib.Tactic.GCongr.ForwardAttr (1.8s)
✔ [281/423] Built Batteries.Tactic.GeneralizeProofs (10s)
✔ [282/423] Built Mathlib.Tactic.Substs (1.7s)
✔ [283/423] Built Mathlib.Util.WithWeakNamespace (1.6s)
✔ [284/423] Built Mathlib.Tactic.Conv (2.6s)
✔ [285/423] Built Mathlib.Tactic.StacksAttribute (3.4s)
✔ [286/423] Built Mathlib.Lean.Elab.Term (1.6s)
✔ [287/423] Built Mathlib.Lean.PrettyPrinter.Delaborator (2.0s)
✔ [288/423] Built Mathlib.Tactic.Use (3.7s)
✔ [289/423] Built Mathlib.Tactic.Spread (3.2s)
✔ [290/423] Built Mathlib.Tactic.FastInstance (4.9s)
✔ [291/423] Built Mathlib.Tactic.Inhabit (1.5s)
✔ [292/423] Built Mathlib.Util.CompileInductive (3.0s)
✔ [293/423] Built Mathlib.Logic.IsEmpty.Defs (1.0s)
✔ [294/423] Built Mathlib.Tactic.SimpRw (1.9s)
✔ [295/423] Built Mathlib.Tactic.ExtendDoc (1.8s)
✔ [296/423] Built Mathlib.Tactic.Core (3.5s)
✔ [297/423] Built Mathlib.Logic.Nonempty (1.8s)
✔ [298/423] Built Mathlib.Tactic.Push.Attr (3.1s)
✔ [299/423] Built Mathlib.Logic.ExistsUnique (2.7s)
✔ [300/423] Built Mathlib.Tactic.Attr.Register (2.3s)
✔ [301/423] Built Mathlib.Tactic.AdaptationNote (2.0s)
✔ [302/423] Built Mathlib.Data.Nat.Notation (1.2s)
✔ [303/423] Built Mathlib.Util.AddRelatedDecl (3.1s)
✔ [304/423] Built Mathlib.Tactic.OfNat (2.2s)
✔ [305/423] Built Mathlib.Lean.Name (2.2s)
✔ [306/423] Built Mathlib.Lean.Meta (2.1s)
✔ [307/423] Built Mathlib.Data.Int.Notation (1.5s)
✔ [308/423] Built Mathlib.Data.Nat.BinaryRec (2.8s)
✔ [309/423] Built Mathlib.Data.String.Defs (2.6s)
✔ [310/423] Built Mathlib.Tactic.Translate.Attributes (1.2s)
✔ [311/423] Built Mathlib.Tactic.DepRewrite (11s)
✔ [312/423] Built Mathlib.Tactic.Translate.UnfoldBoundary (5.7s)
✔ [313/423] Built Mathlib.Tactic.Eqns (2.5s)
✔ [316/423] Built Mathlib.Lean.Meta.Simp (3.2s)
✔ [318/424] Built Mathlib.Tactic.Simps.NotationClass (4.4s)
✔ [319/424] Built Mathlib.Tactic.Translate.Reorder (11s)
✔ [320/424] Built Mathlib.Tactic.FBinop (5.9s)
✔ [321/424] Built Mathlib.Tactic.ScopedNS (5.5s)
✔ [322/424] Built Batteries.CodeAction.Misc (8.4s)
✔ [323/424] Built Mathlib.Lean.Meta.CongrTheorems (3.1s)
✔ [324/424] Built Mathlib.Logic.Nontrivial.Defs (1.0s)
✔ [325/424] Built Batteries.Data.List.Basic (11s)
✔ [326/424] Built Mathlib.Tactic.SplitIfs (3.6s)
✔ [327/424] Built Mathlib.Logic.Function.Defs (2.2s)
✔ [328/424] Built Mathlib.Tactic.Translate.GuessName (2.7s)
✔ [329/425] Built Mathlib.Tactic.MkIffOfInductiveProp (6.3s)
✔ [331/425] Built Mathlib.Logic.Basic (7.2s)
✔ [332/427] Built Mathlib.Data.Nat.Init (6.9s)
✔ [333/427] Built Mathlib.Data.SProd (1.8s)
✔ [334/427] Built Mathlib.Data.Int.Init (6.0s)
✔ [335/427] Built Batteries.CodeAction.Match (1.7s)
✔ [336/427] Built Mathlib.Logic.Relator (1.8s)
✔ [338/428] Built Mathlib.Tactic.Simps.Basic (12s)
✔ [339/428] Built Mathlib.Tactic.CongrExclamation (8.2s)
✔ [340/428] Built Batteries.CodeAction (682ms)
✔ [342/428] Built Mathlib.Tactic.ApplyCongr (1.0s)
✔ [343/431] Built Mathlib.Tactic.Push (5.3s)
✔ [345/431] Built Mathlib.Tactic.Convert (2.9s)
✔ [346/431] Built Mathlib.Tactic.Contrapose (2.2s)
✔ [348/433] Built Mathlib.Lean.Meta.Basic (1.9s)
✔ [349/434] Built Mathlib.Tactic.Translate.Core (16s)
✔ [350/435] Built Mathlib.Util.Notation3 (19s)
✔ [351/436] Built Mathlib.Tactic.ApplyAt (1.3s)
✔ [352/436] Built Mathlib.Tactic.ApplyWith (1.4s)
✔ [353/436] Built Mathlib.Tactic.ByCases (1.2s)
✔ [354/437] Built Mathlib.Tactic.PPWithUniv (2.0s)
✔ [355/437] Built Mathlib.Tactic.Translate.TagUnfoldBoundary (1.8s)
✔ [356/438] Built Mathlib.Tactic.Translate.ToAdditive (1.8s)
✔ [357/438] Built Mathlib.Tactic.ByContra (2.1s)
✔ [358/439] Built Mathlib.Tactic.CasesM (2.4s)
✔ [359/440] Built Mathlib.Tactic.Check (2.1s)
✔ [360/441] Built Mathlib.Tactic.ToAdditive (1.2s)
✔ [361/441] Built Mathlib.Tactic.Translate.ToDual (2.0s)
✔ [362/441] Built Mathlib.Tactic.ClearExclamation (1.2s)
✔ [363/443] Built Mathlib.Tactic.Basic (3.5s)
✔ [364/444] Built Mathlib.Tactic.ClearExcept (1.1s)
✔ [365/444] Built Mathlib.Tactic.ToDual (946ms)
✔ [366/444] Built Mathlib.Tactic.Clear_ (1.5s)
✔ [367/444] Built Mathlib.Algebra.Notation.Defs (1.9s)
✔ [368/446] Built Mathlib.Tactic.Constructor (1.0s)
✔ [369/447] Built Mathlib.Order.Defs.PartialOrder (3.3s)
✔ [370/447] Built Mathlib.Data.Set.Defs (4.1s)
✔ [371/447] Built Mathlib.Order.Notation (4.9s)
✔ [372/447] Built Mathlib.Algebra.Notation.Pi.Defs (1.7s)
✔ [373/448] Built Mathlib.Algebra.Regular.Defs (1.2s)
✔ [374/448] Built Mathlib.Lean.MessageData.Trace (1.5s)
✔ [375/449] Built Mathlib.Tactic.TermCongr (7.6s)
✔ [376/449] Built Mathlib.Data.Set.CoeSort (901ms)
✔ [377/449] Built Mathlib.Algebra.NeZero (1.7s)
✔ [378/449] Built Mathlib.Order.Defs.LinearOrder (3.7s)
✔ [379/450] Built Mathlib.Order.Defs.Unbundled (2.8s)
✔ [380/450] Built Mathlib.Tactic.DefEqTransformations (4.6s)
✔ [381/450] Built Mathlib.Tactic.CongrM (1.8s)
✔ [382/451] Built Mathlib.Tactic.DeprecateTo (3.0s)
✔ [383/451] Built Mathlib.Tactic.DSimpPercent (2.3s)
✔ [384/451] Built Mathlib.Tactic.DefEqAbuse (6.5s)
✔ [385/451] Built Mathlib.Logic.Function.Basic (7.5s)
✔ [386/452] Built Mathlib.Algebra.Group.Defs (14s)
✔ [387/452] Built Mathlib.Logic.Relation (6.8s)
✔ [388/452] Built Mathlib.Tactic.ErwQuestion (2.0s)
✔ [389/452] Built Mathlib.Tactic.ExistsI (1.2s)
✔ [390/452] Built Mathlib.Algebra.Notation.Pi.Basic (2.8s)
✔ [391/452] Built Mathlib.Data.Sigma.Basic (2.3s)
✔ [392/452] Built Mathlib.Logic.IsEmpty.Basic (1.4s)
✔ [393/452] Built Mathlib.Tactic.Choose (3.0s)
✔ [394/452] Built Mathlib.Data.Subtype (2.2s)
✔ [395/452] Built Mathlib.Logic.Unique (1.5s)
✔ [396/452] Built Mathlib.Tactic.GCongr.Core (12s)
✔ [397/452] Built Mathlib.Logic.Function.Conjugate (1.7s)
✔ [398/452] Built Mathlib.Data.Sum.Basic (3.0s)
✔ [399/452] Built Mathlib.Algebra.Group.Nat.Defs (1.5s)
✔ [400/452] Built Mathlib.Algebra.Group.Int.Defs (1.1s)
✔ [401/452] Built Mathlib.Data.Nat.Cast.Defs (2.8s)
✔ [402/454] Built Mathlib.Algebra.Group.Semiconj.Defs (2.4s)
✔ [403/454] Built Mathlib.Algebra.GroupWithZero.Defs (3.0s)
✔ [404/454] Built Mathlib.Tactic.FailIfNoProgress (1.9s)
✔ [405/454] Built Mathlib.Algebra.Group.InjSurj (5.2s)
✔ [406/454] Built Mathlib.Data.Option.Basic (4.2s)
✔ [407/454] Built Mathlib.Data.Set.Operations (5.1s)
✔ [408/454] Built Mathlib.Data.FunLike.Basic (2.8s)
✔ [409/454] Built Mathlib.Data.Nat.Basic (2.5s)
✔ [410/454] Built Mathlib.Data.Quot (5.0s)
✔ [411/454] Built Mathlib.Logic.Function.Iterate (2.4s)
✔ [412/455] Built Mathlib.Data.Int.Cast.Defs (1.5s)
✔ [413/455] Built Batteries.Util.Cache (1.1s)
✔ [414/455] Built Mathlib.Algebra.Group.Commute.Defs (2.6s)
✔ [415/455] Built Mathlib.Algebra.Group.Pi.Basic (3.9s)
✔ [416/455] Built Mathlib.Algebra.GroupWithZero.NeZero (1.7s)
✔ [417/455] Built Mathlib.Data.FunLike.Embedding (1.3s)
✔ [418/455] Built Mathlib.Data.Int.Basic (1.6s)
✔ [419/456] Built Mathlib.Data.Nat.Sqrt (3.8s)
✔ [420/456] Built Mathlib.Tactic.FunProp.Decl (3.7s)
✔ [421/456] Built Mathlib.Algebra.CharZero.Defs (1.7s)
✔ [422/458] Built Mathlib.Tactic.Find (2.1s)
✔ [423/458] Built Mathlib.Algebra.Ring.Defs (6.7s)
✔ [424/458] Built Mathlib.Algebra.GroupWithZero.InjSurj (2.6s)
✔ [425/458] Built Mathlib.Data.FunLike.Equiv (2.0s)
✔ [426/458] Built Mathlib.Tactic.FunProp.Mor (1.9s)
✔ [427/461] Built Mathlib.Algebra.Group.Hom.Defs (13s)
✔ [428/461] Built Mathlib.Tactic.FunProp.ToBatteries (3.8s)
✔ [429/464] Built Mathlib.Lean.Meta.RefinedDiscrTree.Basic (3.8s)
✔ [430/465] Built Mathlib.Algebra.Group.Basic (17s)
✔ [431/466] Built Mathlib.Tactic.FunProp.FunctionData (4.1s)
✔ [432/466] Built Mathlib.Lean.Meta.RefinedDiscrTree.Encode (3.5s)
✔ [433/466] Built Mathlib.Logic.Equiv.Defs (8.5s)
✔ [434/466] Built Mathlib.Lean.Meta.RefinedDiscrTree.Initialize (4.4s)
✔ [435/468] Built Mathlib.Data.Int.Cast.Basic (2.3s)
✔ [436/468] Built Mathlib.Algebra.Group.Torsion (3.1s)
✔ [437/468] Built Mathlib.Tactic.FunProp.Types (2.8s)
✔ [438/468] Built Mathlib.Algebra.GroupWithZero.Basic (5.1s)
✔ [439/468] Built Mathlib.Algebra.Group.Hom.Basic (6.8s)
✔ [440/468] Built Mathlib.Lean.Meta.RefinedDiscrTree.Lookup (4.4s)
✔ [441/468] Built Mathlib.Algebra.Opposites (3.7s)
✔ [442/469] Built Mathlib.Control.EquivFunctor (2.5s)
✔ [443/469] Built Mathlib.Algebra.Ring.Int.Defs (3.2s)
✔ [444/469] Built Mathlib.Algebra.Group.Equiv.Defs (7.6s)
✔ [445/469] Built Mathlib.Algebra.Group.TypeTags.Basic (5.8s)
✔ [446/469] Built Mathlib.Algebra.GroupWithZero.Hom (4.5s)
✔ [447/469] Built Mathlib.Tactic.FunProp.Theorems (3.9s)
✔ [448/469] Built Mathlib.Algebra.Group.Hom.Instances (8.1s)
✔ [449/469] Built Mathlib.Algebra.Group.Opposite (5.0s)
✔ [450/469] Built Mathlib.Tactic.GCongr.CoreAttrs (1.5s)
✔ [451/473] Built Mathlib.Logic.Equiv.Option (3.5s)
✔ [452/473] Built Mathlib.Algebra.Group.Action.Defs (6.0s)
✔ [453/473] Built Mathlib.Algebra.Group.TypeTags.Hom (4.6s)
✔ [454/473] Built Mathlib.Logic.Equiv.Prod (20s)
✔ [455/473] Built Mathlib.Tactic.FunProp.Attr (2.3s)
✔ [456/473] Built Batteries.Data.MLList.Basic (1.8s)
✔ [457/476] Built Mathlib.Algebra.GroupWithZero.Opposite (2.9s)
✔ [458/477] Built Batteries.Control.Nondet.Basic (1.8s)
✔ [459/477] Built Mathlib.Algebra.Group.Action.Opposite (4.8s)
✔ [460/478] Built Mathlib.Logic.Equiv.Sum (3.9s)
✔ [461/478] Built Mathlib.Tactic.GRewrite.Core (2.1s)
✔ [462/479] Built Mathlib.Tactic.GuardGoalNums (794ms)
✔ [463/479] Built Mathlib.Tactic.Hint (2.7s)
✔ [464/480] Built Mathlib.Tactic.FunProp.Core (12s)
✔ [465/480] Built Mathlib.Tactic.GuardHypNums (2.3s)
✔ [466/480] Built Mathlib.Algebra.GroupWithZero.Action.Defs (5.6s)
✔ [467/480] Built Mathlib.Tactic.GRewrite.Elab (4.3s)
✔ [468/480] Built Mathlib.Tactic.GCongr (2.1s)
✔ [469/482] Built Mathlib.Tactic.HigherOrder (3.7s)
✔ [470/482] Built Mathlib.Logic.Equiv.Basic (8.5s)
✔ [471/482] Built Mathlib.Tactic.InferParam (1.5s)
✔ [472/482] Built Mathlib.Tactic.GRewrite (1.1s)
✔ [473/484] Built Mathlib.Algebra.Module.Defs (2.9s)
✔ [474/485] Built Mathlib.Tactic.FunProp.Elab (4.3s)
✔ [475/486] Built Mathlib.Util.TermReduce (1.9s)
✔ [476/486] Built Mathlib.Tactic.Linter.HaveLetLinter (1.3s)
✔ [477/488] Built Mathlib.Tactic.Linter.DeprecatedModule (2.1s)
✔ [478/488] Built Mathlib.Tactic.FunProp (2.2s)
✔ [479/489] Built Mathlib.Tactic.Linter.MinImports (2.8s)
✔ [480/490] Built Mathlib.Algebra.Group.Equiv.Basic (5.4s)
✔ [481/490] Built Mathlib.Tactic.Linter.PPRoundtrip (1.9s)
✔ [482/491] Built Mathlib.Tactic.IrreducibleDef (3.2s)
✔ [483/492] Built Mathlib.Tactic.Linter.UpstreamableDecl (1.5s)
✔ [484/492] Built Mathlib.Tactic.NthRewrite (1.4s)
✔ [485/493] Built Mathlib.Tactic.Observe (1.5s)
✔ [486/494] Built Mathlib.Tactic.RSuffices (1.3s)
✔ [487/494] Built Mathlib.Tactic.Linter (1.3s)
✔ [488/498] Built Mathlib.Algebra.Group.Equiv.Opposite (3.8s)
✔ [489/498] Built Mathlib.Tactic.Recover (1.5s)
✔ [490/499] Built Mathlib.Tactic.Relation.Rfl (1.6s)
✔ [491/499] Built Mathlib.Tactic.Rename (1.4s)
✔ [492/500] Built Mathlib.Util.Tactic (1.2s)
✔ [493/501] Built Mathlib.Tactic.Says (2.5s)
✔ [494/501] Built Mathlib.Tactic.Set (2.7s)
✔ [495/501] Built Mathlib.Tactic.SimpIntro (2.3s)
✔ [496/503] Built Mathlib.Tactic.RenameBVar (1.1s)
✔ [497/504] Built Mathlib.Algebra.Group.Even (3.7s)
✔ [498/505] Built Mathlib.Tactic.SuccessIfFailWithMsg (1.3s)
✔ [499/506] Built Mathlib.Tactic.Subsingleton (2.2s)
✔ [500/506] Built Mathlib.Tactic.SudoSetOption (1.9s)
✔ [501/507] Built Mathlib.Tactic.SwapVar (1.8s)
✔ [502/508] Built Mathlib.Tactic.Simproc.ExistsAndEq (5.0s)
✔ [503/508] Built Mathlib.Tactic.ToFun (1.8s)
✔ [504/510] Built Mathlib.Algebra.Group.Nat.Even (3.7s)
✔ [505/511] Built Mathlib.Tactic.ToLevel (1.4s)
✔ [506/511] Built Mathlib.Tactic.Trace (1.2s)
✔ [507/520] Built Mathlib.Tactic.UnsetOption (889ms)
✔ [511/520] Built Mathlib.Tactic.TypeCheck (1.2s)
✔ [512/532] Built Mathlib.Tactic.Tauto (5.4s)
✔ [516/535] Built Mathlib.Tactic.Widget.SelectInsertParamsClass (838ms)
✔ [517/539] Built Mathlib.Lean.Meta.RefinedDiscrTree (996ms)
✔ [518/539] Built Mathlib.Lean.GoalsLocation (804ms)
✔ [519/540] Built Mathlib.Tactic.Variable (3.2s)
✔ [522/545] Built Mathlib.Lean.Meta.KAbstractPositions (1.3s)
✔ [525/545] Built Mathlib.Tactic.WLOG (1.9s)
✔ [532/548] Built Mathlib.Util.TransImports (1.3s)
✔ [533/548] Built Mathlib.Util.PrintSorries (1.6s)
✔ [534/553] Built Mathlib.Util.WhatsNew (1.9s)
✔ [535/553] Built Mathlib.Util.CountHeartbeats (3.3s)
✔ [536/556] Built Mathlib.Tactic.Widget.SelectPanelUtils (2.0s)
✔ [537/556] Built Mathlib.Data.List.TFAE (1.6s)
✔ [538/556] Built Mathlib.Algebra.Group.Nat.Hom (3.0s)
✔ [539/556] Built Mathlib.Util.AtomM (1.9s)
✔ [540/556] Built Mathlib.Tactic.Widget.CongrM (1.6s)
✔ [541/556] Built Mathlib.Tactic.Widget.InteractiveUnfold (3.2s)
✔ [542/556] Built Mathlib.Algebra.GroupWithZero.Nat (1.3s)
✔ [543/556] Built Mathlib.Tactic.Widget.Calc (3.4s)
✔ [544/559] Built Mathlib.Tactic.Widget.Conv (3.9s)
✔ [545/559] Built Mathlib.Algebra.Ring.Nat (1.8s)
✔ [546/564] Built Mathlib.Tactic.Attr.Core (1.3s)
✔ [547/568] Built Mathlib.Tactic.TFAE (6.7s)
✔ [548/568] Built Mathlib.Data.Prod.Basic (3.4s)
✔ [549/568] Built Mathlib.Tactic.Widget.LibraryRewrite (7.5s)
✔ [550/570] Built Mathlib.Algebra.Group.Units.Defs (7.0s)
✔ [551/570] Built Mathlib.Logic.Nontrivial.Basic (1.6s)
✔ [552/572] Built Mathlib.Algebra.Ring.Basic (3.0s)
✔ [553/572] Built Mathlib.Tactic.Common (2.9s)
✔ [554/578] Built Mathlib.Algebra.Ring.Semiconj (1.7s)
✔ [555/578] Built Mathlib.Tactic.Nontriviality.Core (4.0s)
✔ [556/578] Built Mathlib.Algebra.Divisibility.Basic (4.6s)
✔ [557/578] Built Mathlib.Algebra.Group.Units.Basic (7.3s)
✔ [558/578] Built Mathlib.Algebra.Ring.Hom.Defs (7.8s)
✔ [559/578] Built Mathlib.Data.Bracket (1.1s)
✔ [560/578] Built Mathlib.Algebra.Ring.InjSurj (9.3s)
✔ [561/578] Built Mathlib.Data.Int.Sqrt (2.2s)
✔ [562/578] Built Mathlib.Tactic.Nontriviality (1.6s)
✔ [563/581] Built Mathlib.Algebra.Divisibility.Hom (1.0s)
✔ [564/581] Built Mathlib.Algebra.Group.Semiconj.Units (2.2s)
✔ [565/581] Built Mathlib.Algebra.Group.Action.TypeTags (3.5s)
✔ [566/581] Built Mathlib.Algebra.Group.Units.Hom (6.4s)
✔ [567/586] Built Mathlib.Algebra.Group.Int.Even (5.8s)
✔ [568/586] Built Mathlib.Algebra.GroupWithZero.Units.Basic (5.9s)
✔ [569/586] Built Mathlib.Algebra.Group.Action.Pretransitive (2.4s)
✔ [570/586] Built Mathlib.Data.Nat.Cast.Basic (3.6s)
✔ [571/587] Built Mathlib.Algebra.Group.Commute.Units (3.6s)
✔ [572/588] Built Mathlib.Algebra.Group.Action.Faithful (2.3s)
✔ [573/588] Built Mathlib.Algebra.Ring.Units (4.4s)
✔ [574/588] Built Mathlib.Algebra.GroupWithZero.Semiconj (2.6s)
✔ [575/588] Built Mathlib.Algebra.Group.Action.Hom (2.9s)
✔ [576/588] Built Mathlib.Algebra.GroupWithZero.Equiv (2.4s)
✔ [577/589] Built Mathlib.Algebra.Notation.Prod (2.3s)
✔ [578/589] Built Mathlib.Algebra.Group.Action.Units (3.9s)
✔ [579/592] Built Mathlib.Algebra.GroupWithZero.Commute (3.1s)
✔ [580/594] Built Mathlib.Algebra.Ring.Commute (4.4s)
✔ [581/596] Built Batteries.Tactic.Congr (2.7s)
✔ [582/596] Built Mathlib.Logic.Function.ULift (1.9s)
✔ [583/598] Built Mathlib.Algebra.GroupWithZero.Action.Units (3.7s)
✔ [584/598] Built Mathlib.Data.Nat.Cast.Commute (2.5s)
✔ [585/598] Built Mathlib.Logic.Pairwise (1.6s)
✔ [586/599] Built Mathlib.Tactic.Finiteness.Attr (2.2s)
✔ [587/600] Built Mathlib.Data.Bool.Basic (3.4s)
✔ [588/601] Built Mathlib.Algebra.GroupWithZero.Action.End (2.5s)
✔ [589/628] Built Mathlib.Data.Int.Order.Basic (2.3s)
✔ [590/628] Built Mathlib.Util.PPOptions (1.5s)
✔ [591/631] Built Mathlib.Order.Basic (11s)
✔ [592/631] Built Mathlib.Algebra.Module.RingHom (4.2s)
✔ [593/631] Built Mathlib.Logic.Function.CompTypeclasses (1.3s)
✔ [594/631] Built Mathlib.Algebra.Regular.SMul (3.3s)
✔ [595/631] Built Mathlib.Algebra.Ring.Parity (10s)
✔ [596/631] Built Mathlib.Order.ULift (2.1s)
✔ [597/631] Built Mathlib.Order.Monotone.Defs (5.8s)
✔ [598/640] Built Mathlib.Order.OrderDual (4.1s)
✔ [599/640] Built Mathlib.Algebra.Group.Hom.CompTypeclasses (2.2s)
✔ [600/640] Built Mathlib.Data.Prod.PProd (1.9s)
✔ [601/640] Built Mathlib.Algebra.Group.Invertible.Defs (2.2s)
✔ [602/640] Built Mathlib.Util.Delaborators (13s)
✔ [603/640] Built Mathlib.Data.Int.Cast.Lemmas (5.2s)
✔ [604/640] Built Mathlib.Order.Compare (3.1s)
✔ [605/640] Built Mathlib.Order.RelClasses (6.3s)
✔ [606/641] Built Mathlib.Order.Max (4.4s)
✔ [607/641] Built Mathlib.Algebra.Group.Invertible.Basic (3.2s)
✔ [608/641] Built Mathlib.Logic.Embedding.Basic (5.4s)
✔ [609/642] Built Mathlib.Algebra.GroupWithZero.Regular (2.5s)
✔ [610/644] Built Mathlib.Algebra.Module.NatInt (6.2s)
✔ [611/646] Built Mathlib.Order.BoundedOrder.Basic (6.4s)
✔ [612/646] Built Mathlib.Order.Monotone.Basic (7.1s)
✔ [613/646] Built Mathlib.Algebra.Regular.Opposite (1.3s)
✔ [614/646] Built Mathlib.Algebra.Group.Action.Basic (4.5s)
✔ [615/646] Built Mathlib.Algebra.GroupWithZero.Action.Opposite (2.0s)
✔ [616/647] Built Mathlib.Algebra.Ring.Opposite (5.8s)
✔ [617/649] Built Mathlib.Algebra.Ring.Action.Basic (4.2s)
✔ [618/649] Built Mathlib.Order.GaloisConnection.Defs (5.5s)
✔ [619/649] Built Mathlib.Algebra.Module.Opposite (2.6s)
✔ [620/654] Built Mathlib.Algebra.Order.Monoid.Unbundled.Defs (4.7s)
✔ [621/654] Built Mathlib.Algebra.Order.ZeroLEOne (2.3s)
✔ [622/655] Built Mathlib.Logic.OpClass (2.3s)
✔ [623/658] Built Mathlib.Order.Lattice (12s)
✔ [624/661] Built Mathlib.Algebra.Module.Torsion.Free (4.5s)
✔ [625/661] Built Mathlib.Algebra.Order.IsBotOne (2.8s)
✔ [626/661] Built Mathlib.Order.BoundedOrder.Lattice (2.5s)
✔ [627/662] Built Mathlib.Tactic.Monotonicity.Attr (1.1s)
✔ [628/664] Built Mathlib.Order.Lex (2.2s)
✔ [629/664] Built Mathlib.Order.MinMax (5.2s)
✔ [630/664] Built Mathlib.Order.Disjoint (6.5s)
✔ [631/665] Built Mathlib.Algebra.Order.Group.Synonym (7.2s)
✔ [632/665] Built Mathlib.Order.PropInstances (2.4s)
✔ [633/665] Built Mathlib.Algebra.Order.GroupWithZero.Synonym (3.4s)
✔ [634/665] Built Mathlib.Algebra.Order.Group.Action.Synonym (2.7s)
✔ [635/665] Built Mathlib.Algebra.Order.Monoid.Unbundled.Basic (10s)
✔ [636/668] Built Mathlib.Algebra.Order.Monoid.Unbundled.OrderDual (2.4s)
✔ [637/668] Built Mathlib.Algebra.Order.GroupWithZero.Unbundled.Defs (6.7s)
✔ [638/669] Built Mathlib.GroupTheory.GroupAction.Hom (31s)
✔ [639/669] Built Mathlib.Algebra.Order.GroupWithZero.Action.Synonym (3.3s)
✔ [640/669] Built Mathlib.Data.Set.Basic (9.3s)
✔ [641/669] Built Mathlib.Algebra.Order.Monoid.Defs (4.5s)
✔ [642/670] Built Mathlib.Order.Heyting.Basic (13s)
✔ [643/672] Built Mathlib.Algebra.Order.Sub.Defs (4.0s)
✔ [644/672] Built Mathlib.Tactic.Bound.Init (2.1s)
✔ [645/672] Built Mathlib.Algebra.Order.Monoid.Unbundled.Pow (5.4s)
✔ [646/672] Built Mathlib.Data.Set.Inclusion (2.5s)
✔ [647/673] Built Mathlib.Algebra.Order.Monoid.Unbundled.ExistsOfLE (3.0s)
✔ [648/673] Built Mathlib.Data.Set.Disjoint (2.0s)
✔ [649/675] Built Mathlib.Algebra.Order.Monoid.NatCast (1.9s)
✔ [650/675] Built Mathlib.Order.BooleanAlgebra.Defs (3.4s)
✔ [651/675] Built Mathlib.Algebra.Order.Monoid.Unbundled.MinMax (3.2s)
✔ [652/675] Built Mathlib.Tactic.Bound.Attribute (3.8s)
✔ [653/678] Built Mathlib.Algebra.Ring.GrindInstances (3.1s)
✔ [654/682] Built Mathlib.Data.Set.Insert (7.9s)
✔ [655/682] Built Mathlib.Algebra.Order.Group.Unbundled.Basic (12s)
✔ [656/682] Built Mathlib.Data.Nat.Cast.NeZero (2.2s)
✔ [657/682] Built Mathlib.Order.BooleanAlgebra.Basic (10s)
✔ [658/682] Built Mathlib.Order.RelIso.Basic (8.9s)
✔ [659/683] Built Mathlib.Data.Set.Subsingleton (4.4s)
✔ [660/683] Built Mathlib.Algebra.Order.Group.Defs (4.1s)
✔ [661/685] Built Mathlib.Algebra.Order.Group.Basic (3.1s)
✔ [662/688] Built Mathlib.Order.BooleanAlgebra.Set (6.7s)
✔ [663/691] Built Batteries.Classes.RatCast (1.4s)
✔ [664/691] Built Mathlib.Order.SymmDiff (8.7s)
✔ [665/691] Built Mathlib.Data.Rat.Init (2.5s)
✔ [666/691] Built Mathlib.Data.Set.SymmDiff (3.1s)
✔ [667/691] Built Mathlib.Algebra.Group.Units.Equiv (4.4s)
✔ [668/696] Built Mathlib.Algebra.Group.Prod (11s)
✔ [669/697] Built Mathlib.Algebra.Field.Defs (1.8s)
✔ [670/700] Built Mathlib.Algebra.Order.Group.Int (2.0s)
✔ [671/703] Built Mathlib.Order.Hom.Basic (15s)
✔ [672/703] Built Mathlib.Order.Bounds.Defs (1.7s)
✔ [673/703] Built Mathlib.Order.Interval.Set.Defs (2.0s)
✔ [674/703] Built Mathlib.Algebra.Ring.Int.Parity (5.9s)
✔ [675/704] Built Mathlib.Algebra.Order.Group.OrderIso (4.7s)
✔ [676/706] Built Mathlib.Data.Nat.Cast.Order.Basic (4.5s)
✔ [677/707] Built Mathlib.Data.Int.GCD (5.7s)
✔ [678/707] Built Mathlib.Algebra.Order.Monoid.Canonical.Defs (4.5s)
✔ [679/707] Built Mathlib.Algebra.Group.WithOne.Defs (4.8s)
✔ [680/707] Built Mathlib.Data.Option.NAry (2.2s)
✔ [681/707] Built Mathlib.Data.Set.Image (15s)
✔ [682/707] Built Mathlib.Algebra.Order.Group.Lattice (3.0s)
✔ [683/707] Built Mathlib.Algebra.Order.Group.Nat (2.3s)
✔ [684/707] Built Mathlib.Algebra.Group.WithOne.Map (1.9s)
✔ [685/713] Built Mathlib.Data.Set.Restrict (3.5s)
✔ [686/713] Built Mathlib.Order.TypeTags (3.6s)
✔ [687/713] Built Mathlib.Algebra.GroupWithZero.WithZero (7.7s)
✔ [688/716] Built Mathlib.Algebra.Regular.Basic (3.9s)
✔ [689/716] Built Mathlib.Algebra.Order.Group.Unbundled.Abs (11s)
✔ [690/716] Built Mathlib.Algebra.Order.Monoid.Units (3.2s)
✔ [691/716] Built Mathlib.Algebra.Order.Monoid.OrderDual (2.6s)
✔ [692/720] Built Mathlib.Data.Set.Prod (14s)
✔ [693/720] Built Mathlib.Algebra.Order.Group.Unbundled.Int (2.8s)
✔ [694/720] Built Mathlib.Algebra.Order.Group.Units (2.7s)
✔ [695/720] Built Mathlib.Algebra.Order.Group.Abs (7.5s)
✔ [696/724] Built Mathlib.Data.Set.NAry (5.7s)
✔ [697/724] Built Mathlib.Algebra.Order.Monoid.Unbundled.TypeTags (3.8s)
✔ [698/728] Built Mathlib.Order.WithBot (23s)
✔ [699/729] Built Mathlib.Algebra.Order.Sub.Unbundled.Basic (5.4s)
✔ [700/729] Built Mathlib.Data.Set.Function (15s)
✔ [701/729] Built Mathlib.Algebra.Order.Monoid.TypeTags (2.6s)
✔ [702/729] Built Mathlib.Data.Nat.Find (3.9s)
✔ [703/729] Built Mathlib.Algebra.Order.Sub.Basic (5.1s)
✔ [704/729] Built Mathlib.Algebra.Order.Monoid.Unbundled.WithTop (11s)
✔ [705/729] Built Mathlib.Order.Directed (6.7s)
✔ [706/729] Built Mathlib.Algebra.Group.Pointwise.Set.Basic (22s)
✔ [707/733] Built Mathlib.Data.Int.LeastGreatest (4.4s)
✔ [708/734] Built Mathlib.Algebra.Order.Monoid.WithTop (3.3s)
✔ [709/734] Built Mathlib.Algebra.GroupWithZero.Invertible (2.8s)
✔ [710/734] Built Mathlib.Logic.Equiv.Set (7.9s)
✔ [711/734] Built Mathlib.Algebra.GroupWithZero.Units.Lemmas (3.7s)
✔ [712/735] Built Mathlib.Algebra.Order.Ring.Synonym (5.5s)
✔ [713/736] Built Mathlib.Algebra.Order.GroupWithZero.Unbundled.Basic (16s)
✔ [714/736] Built Mathlib.Algebra.Order.AddGroupWithTop (5.2s)
✔ [715/736] Built Mathlib.Algebra.Ring.Invertible (4.2s)
✔ [716/736] Built Mathlib.Algebra.Order.Nonneg.Basic (6.0s)
✔ [717/736] Built Mathlib.Algebra.Ring.Divisibility.Basic (6.0s)
✔ [718/740] Built Mathlib.Algebra.Ring.Equiv (11s)
✔ [719/741] Built Mathlib.Algebra.Order.Ring.Unbundled.Basic (14s)
✔ [720/741] Built Mathlib.Algebra.Ring.CompTypeclasses (4.5s)
✔ [721/741] Built Mathlib.Algebra.Group.Nat.Units (1.5s)
✔ [722/741] Built Mathlib.Algebra.Field.Basic (8.6s)
✔ [723/741] Built Mathlib.Algebra.Order.Ring.Defs (4.9s)
✔ [724/742] Built Mathlib.Data.Set.Monotone (4.5s)
✔ [725/742] Built Mathlib.Algebra.Group.Int.Units (2.7s)
✔ [726/742] Built Mathlib.Algebra.Order.GroupWithZero.Canonical (16s)
✔ [727/742] Built Mathlib.Algebra.Order.Ring.Int (4.5s)
✔ [728/743] Built Mathlib.Algebra.Order.Ring.Basic (7.1s)
✔ [729/743] Built Mathlib.Algebra.Order.Archimedean.Defs (4.6s)
✔ [730/746] Built Mathlib.Algebra.Ring.Int.Units (3.3s)
✔ [731/746] Built Mathlib.Order.Antisymmetrization (5.2s)
✔ [732/746] Built Mathlib.Algebra.Order.Ring.Nat (2.2s)
✔ [733/746] Built Mathlib.Order.BoundedOrder.Monotone (2.0s)
✔ [734/749] Built Mathlib.Data.Nat.Cast.Order.Ring (5.4s)
✔ [735/749] Built Mathlib.Algebra.Module.LinearMap.Defs (23s)
✔ [736/749] Built Mathlib.Algebra.Order.Ring.Cast (4.4s)
✔ [737/750] Built Mathlib.Algebra.Order.Module.Defs (19s)
✔ [738/751] Built Mathlib.Order.Interval.Set.Basic (13s)
✔ [739/751] Built Mathlib.Algebra.Order.Ring.Abs (7.9s)
✔ [740/751] Built Mathlib.Order.WellFounded (4.2s)
✔ [741/752] Built Mathlib.Control.Basic (2.3s)
✔ [742/752] Built Mathlib.Algebra.Algebra.Defs (6.1s)
✔ [743/752] Built Mathlib.Algebra.Order.Floor.Defs (5.9s)
✔ [744/752] Built Mathlib.Algebra.Order.Nonneg.Module (4.6s)
✔ [745/753] Built Mathlib.Algebra.Order.Invertible (1.8s)
✔ [746/754] Built Mathlib.Tactic.HaveI (2.2s)
✔ [747/757] Built Mathlib.Lean.Expr.Rat (1.5s)
✔ [748/757] Built Mathlib.Order.Hom.Set (7.8s)
✔ [749/760] Built Mathlib.Algebra.Order.Floor.Semiring (9.7s)
✔ [750/762] Built Mathlib.Util.Qq (3.6s)
✔ [751/764] Built Mathlib.Tactic.NormNum.Result (9.0s)
✔ [752/764] Built Mathlib.Order.Bounds.Basic (13s)
✔ [753/764] Built Mathlib.Util.AtomM.Recurse (2.4s)
✔ [754/764] Built Mathlib.Algebra.GroupWithZero.Units.Equiv (2.7s)
✔ [755/766] Built Mathlib.Tactic.TryThis (1.4s)
✔ [756/766] Built Mathlib.Data.Ineq (1.5s)
✔ [757/768] Built Mathlib.Algebra.Order.GroupWithZero.Unbundled.OrderIso (2.6s)
✔ [758/771] Built Mathlib.Tactic.FieldSimp.Attr (1.3s)
✔ [759/774] Built Mathlib.Util.DischargerAsTactic (1.8s)
✔ [760/774] Built Batteries.Control.ForInStep.Lemmas (770ms)
✔ [761/774] Built Mathlib.Tactic.NormNum.Core (6.7s)
✔ [762/777] Built Mathlib.Order.Bounds.Image (6.2s)
✔ [763/777] Built Mathlib.Control.Functor (2.1s)
✔ [764/777] Built Mathlib.Data.List.Monad (1.5s)
✔ [765/777] Built Mathlib.Order.Bounds.OrderIso (3.1s)
✔ [766/779] Built Mathlib.Data.List.Defs (4.6s)
✔ [767/779] Built Mathlib.Tactic.Positivity.Core (13s)
✔ [768/785] Built Mathlib.Tactic.NormNum.Basic (17s)
✔ [769/785] Built Mathlib.Data.List.InsertIdx (3.8s)
✔ [770/785] Built Mathlib.Data.List.TakeDrop (10s)
✔ [771/785] Built Mathlib.Util.SynthesizeUsing (3.4s)
✔ [772/790] Built Mathlib.Tactic.FieldSimp.Discharger (7.0s)
✔ [773/792] Built Batteries.Data.List.Lemmas (29s)
✔ [774/792] Built Mathlib.Data.Rat.Defs (5.3s)
✔ [775/792] Built Mathlib.Algebra.Group.Semiconj.Basic (3.7s)
✔ [776/792] Built Batteries.Data.List.Count (7.0s)
✔ [777/792] Built Mathlib.Tactic.Abel (14s)
✔ [778/792] Built Mathlib.Algebra.Order.Field.Basic (22s)
✔ [779/794] Built Mathlib.Algebra.BigOperators.Group.List.Defs (2.6s)
✔ [780/794] Built Mathlib.Algebra.Ring.Rat (3.1s)
✔ [781/794] Built Mathlib.Algebra.Group.Commute.Basic (5.5s)
✔ [782/801] Built Batteries.Data.List.Perm (4.7s)
✔ [783/802] Built Mathlib.Algebra.Order.Ring.Unbundled.Rat (6.0s)
✔ [784/802] Built Mathlib.Data.PNat.Notation (956ms)
✔ [785/805] Built Mathlib.Order.Nat (1.7s)
✔ [786/805] Built Mathlib.Algebra.Divisibility.Units (3.8s)
✔ [787/805] Built Mathlib.Data.PNat.Defs (4.2s)
✔ [788/807] Built Mathlib.Data.NNRat.Defs (6.6s)
✔ [789/807] Built Mathlib.Tactic.NormNum.Pow (6.5s)
✔ [790/807] Built Mathlib.Data.List.Basic (23s)
✔ [791/809] Built Mathlib.Tactic.Linarith.Lemmas (3.1s)
✔ [792/812] Built Mathlib.Algebra.GroupWithZero.Divisibility (3.4s)
✔ [793/812] Built Mathlib.Algebra.Field.Rat (2.0s)
✔ [794/812] Built Mathlib.Tactic.Linarith.Oracle.SimplexAlgorithm.Datatypes (1.9s)
✔ [795/813] Built Mathlib.Tactic.Linarith.Datatypes (4.6s)
✔ [796/813] Built Mathlib.Tactic.Linarith.Oracle.SimplexAlgorithm.SimplexAlgorithm (3.4s)
✔ [797/815] Built Mathlib.Data.List.Forall2 (6.1s)
✔ [798/817] Built Mathlib.Data.Rat.Lemmas (4.7s)
✔ [799/817] Built Mathlib.Lean.Meta.Tactic.Rewrite (950ms)
✔ [800/817] Built Mathlib.Tactic.Linarith.Oracle.SimplexAlgorithm.Gauss (2.3s)
✔ [801/817] Built Mathlib.Data.Tree.Basic (2.1s)
✔ [802/819] Built Mathlib.Tactic.Zify (2.4s)
✔ [803/821] Built Mathlib.Data.List.Perm.Basic (4.5s)
✔ [804/821] Built Mathlib.Tactic.Linarith.Oracle.SimplexAlgorithm.PositiveVector (2.1s)
✔ [805/821] Built Mathlib.Data.Rat.Cast.Defs (5.7s)
✔ [806/821] Built Mathlib.Util.ElabWithoutMVars (1.1s)
✔ [807/821] Built Mathlib.Tactic.Linarith.Parsing (5.3s)
✔ [808/821] Built Mathlib.Tactic.CancelDenoms.Core (8.5s)
✔ [809/821] Built Mathlib.Tactic.Linarith.Oracle.SimplexAlgorithm (4.6s)
✔ [810/821] Built Mathlib.Data.Rat.Cast.CharZero (3.9s)
✔ [811/821] Built Mathlib.Algebra.BigOperators.Group.List.Basic (9.7s)
✔ [812/823] Built Mathlib.Tactic.Linarith.Verification (6.4s)
✔ [813/823] Built Mathlib.Tactic.NormNum.Inv (4.0s)
✔ [814/825] Built Mathlib.Tactic.Linarith.Preprocessing (7.4s)
✔ [815/825] Built Mathlib.Tactic.FieldSimp.Lemmas (6.7s)
✔ [816/825] Built Mathlib.Data.Bool.Set (1.7s)
✔ [817/827] Built Mathlib.Algebra.Order.Ring.Canonical (4.2s)
✔ [818/827] Built Mathlib.Data.Nat.Set (2.4s)
✔ [819/831] Built Mathlib.Control.ULift (2.3s)
✔ [820/835] Built Mathlib.Algebra.Order.Field.Canonical (4.1s)
✔ [821/840] Built Mathlib.Data.ULift (2.2s)
✔ [822/842] Built Mathlib.Order.LatticeIntervals (7.5s)
✔ [823/845] Built Mathlib.Order.SetNotation (11s)
✔ [824/845] Built Mathlib.Data.Set.Order (4.4s)
✔ [825/845] Built Mathlib.Order.ConditionallyCompletePartialOrder.Defs (2.4s)
✔ [826/845] Built Mathlib.Order.Interval.Set.Image (5.8s)
✔ [827/845] Built Mathlib.Order.ConditionallyCompleteLattice.Defs (3.4s)
✔ [828/845] Built Mathlib.Tactic.Ring.Common (31s)
✔ [829/848] Built Mathlib.Order.CompleteLattice.Defs (6.3s)
✔ [830/848] Built Mathlib.Lean.Expr.ExtraRecognizers (1.5s)
✔ [831/848] Built Mathlib.Order.Interval.Set.LinearOrder (12s)
✔ [832/855] Built Mathlib.Data.Set.Pairwise.Basic (6.1s)
✔ [833/855] Built Mathlib.Data.Set.Notation (2.6s)
✔ [834/855] Built Mathlib.Tactic.FieldSimp (40s)
✔ [835/858] Built Mathlib.Tactic.Ring.Basic (13s)
✔ [836/860] Built Mathlib.Tactic.SetLike (2.4s)
✔ [837/860] Built Mathlib.Tactic.Field (4.2s)
✔ [838/863] Built Mathlib.Order.Interval.Set.UnorderedInterval (7.0s)
✔ [839/863] Built Mathlib.Algebra.Order.Monoid.Basic (3.5s)
✔ [840/864] Built Mathlib.Tactic.Linarith.Frontend (6.2s)
✔ [841/864] Built Mathlib.Algebra.Order.Positive.Ring (3.5s)
✔ [842/864] Built Mathlib.Order.CompleteLattice.Basic (13s)
✔ [843/864] Built Mathlib.Order.Interval.Set.OrderEmbedding (2.5s)
✔ [844/864] Built Mathlib.Algebra.Order.Ring.Rat (1.9s)
✔ [845/864] Built Mathlib.Data.SetLike.Basic (3.5s)
✔ [846/867] Built Mathlib.Algebra.Order.Ring.InjSurj (2.8s)
✔ [847/867] Built Mathlib.Tactic.NormNum.Abs (3.2s)
✔ [848/870] Built Mathlib.Order.CompleteLattice.Lemmas (3.8s)
✔ [849/870] Built Mathlib.Algebra.Notation (2.2s)
✔ [850/870] Built Mathlib.Order.Preorder.Chain (5.6s)
✔ [851/871] Built Mathlib.Order.GaloisConnection.Basic (7.1s)
✔ [852/871] Built Mathlib.Tactic.NormNum.Eq (4.8s)
✔ [853/872] Built Mathlib.Order.Antichain (6.1s)
✔ [854/872] Built Mathlib.Algebra.Order.Group.PosPart (7.9s)
✔ [855/872] Built Mathlib.Data.Nat.Factorial.Basic (8.0s)
✔ [856/874] Built Mathlib.Algebra.Notation.Support (5.9s)
✔ [857/882] Built Mathlib.Data.Int.Cast.Field (2.4s)
✔ [858/882] Built Mathlib.Order.Interval.Set.OrdConnected (7.7s)
✔ [859/882] Built Mathlib.Data.Int.Cast.Pi (1.2s)
✔ [860/885] Built Mathlib.Tactic.NormNum.Ineq (10s)
✔ [861/888] Built Mathlib.Data.Int.CharZero (3.3s)
✔ [862/890] Built Mathlib.Order.CompleteBooleanAlgebra (18s)
✔ [863/890] Built Mathlib.Algebra.Order.Hom.Basic (4.3s)
✔ [864/890] Built Mathlib.Data.PNat.Equiv (1.7s)
✔ [865/890] Built Mathlib.Tactic.NormNum.DivMod (4.1s)
✔ [866/890] Built Mathlib.Data.Set.BooleanAlgebra (3.3s)
✔ [867/890] Built Mathlib.Tactic.Ring.RingNF (4.9s)
✔ [868/893] Built Mathlib.Algebra.Order.Ring.Pow (4.9s)
✔ [869/894] Built Mathlib.Data.Set.Piecewise (5.4s)
✔ [870/894] Built Mathlib.Data.PNat.Basic (6.7s)
✔ [871/895] Built Mathlib.Algebra.Order.Group.MinMax (6.1s)
✔ [872/895] Built Mathlib.Algebra.Group.Action.Pi (4.0s)
✔ [873/897] Built Mathlib.Data.Set.Lattice (16s)
✔ [874/897] Built Mathlib.Algebra.Order.AbsoluteValue.Basic (11s)
✔ [875/898] Built Mathlib.Tactic.Positivity.Basic (21s)
✔ [876/900] Built Mathlib.Tactic.Ring.PNat (3.4s)
✔ [877/903] Built Mathlib.Algebra.GroupWithZero.Pi (1.6s)
✔ [878/903] Built Mathlib.Order.ConditionallyCompletePartialOrder.Basic (4.2s)
✔ [879/903] Built Mathlib.Tactic.Ring (2.7s)
✔ [880/903] Built Mathlib.GroupTheory.GroupAction.Ring (3.9s)
✔ [881/905] Built Mathlib.Data.Setoid.Basic (5.2s)
✔ [882/906] Built Mathlib.Algebra.Group.Pi.Lemmas (8.6s)
✔ [883/911] Built Mathlib.Algebra.Ring.Action.Rat (2.6s)
✔ [884/913] Built Mathlib.Algebra.Order.Group.Pointwise.Bounds (4.0s)
✔ [885/913] Built Mathlib.Algebra.Ring.Pi (8.2s)
✔ [886/914] Built Mathlib.Order.ConditionallyCompleteLattice.Basic (10s)
✔ [887/915] Built Mathlib.Order.ConditionallyCompletePartialOrder.Indexed (7.4s)
✔ [888/918] Built Mathlib.Data.Set.Lattice.Image (14s)
✔ [889/921] Built Mathlib.Order.CompleteLatticeIntervals (8.5s)
✔ [890/921] Built Mathlib.Algebra.Order.Sub.WithTop (4.2s)
✔ [891/921] Built Mathlib.Algebra.Order.Ring.WithTop (12s)
✔ [892/921] Built Mathlib.Order.Interval.Set.Disjoint (7.1s)
✔ [893/921] Built Mathlib.Order.ConditionallyCompleteLattice.Indexed (10s)
✔ [894/922] Built Mathlib.Order.Interval.Set.WithBotTop (6.1s)
✔ [895/922] Built Mathlib.Algebra.Order.Nonneg.Lattice (3.8s)
✔ [896/922] Built Mathlib.Algebra.Order.CauSeq.Basic (21s)
✔ [897/922] Built Mathlib.Order.ConditionallyCompleteLattice.Group (2.2s)
✔ [898/922] Built Mathlib.Tactic.Finiteness (3.7s)
✔ [899/927] Built Mathlib.Order.Interval.Set.OrdConnectedComponent (3.3s)
✔ [900/927] Built Mathlib.Algebra.Order.Nonneg.Ring (4.9s)
✔ [901/930] Built Mathlib.Algebra.Order.Group.Pointwise.CompleteLattice (10s)
✔ [902/938] Built Mathlib.Order.Filter.Defs (7.4s)
✔ [903/938] Built Mathlib.Algebra.Order.CauSeq.Completion (9.0s)
✔ [904/938] Built Mathlib.Algebra.Order.Nonneg.Field (5.8s)
✔ [905/938] Built Mathlib.Data.List.Perm.Subperm (2.5s)
✔ [906/938] Built Mathlib.Data.Set.Sigma (7.5s)
✔ [907/938] Built Mathlib.Data.Rat.Cast.Lemmas (4.4s)
✔ [908/938] Built Mathlib.Algebra.Order.Field.Rat (2.5s)
✔ [909/939] Built Mathlib.Data.Real.Basic (9.0s)
✔ [910/941] Built Mathlib.Data.Multiset.Defs (4.7s)
✔ [911/944] Built Mathlib.Order.Filter.Basic (12s)
✔ [912/944] Built Mathlib.Tactic.NormNum.OfScientific (4.4s)
✔ [913/947] Built Mathlib.Data.Finset.Defs (5.8s)
✔ [914/947] Built Mathlib.Data.List.Nodup (7.4s)
✔ [915/947] Built Mathlib.Data.Rat.Cast.Order (10s)
✔ [916/947] Built Mathlib.Data.Multiset.ZeroCons (7.0s)
✔ [917/947] Built Mathlib.Order.Filter.AtTopBot.Defs (2.9s)
✔ [918/948] Built Mathlib.Data.List.Count (3.1s)
✔ [919/948] Built Mathlib.Data.Set.List (2.0s)
✔ [920/948] Built Mathlib.Tactic.NormNum (2.9s)
✔ [921/948] Built Mathlib.Data.Multiset.Count (3.6s)
✔ [922/948] Built Mathlib.Order.Filter.AtTopBot.Disjoint (3.8s)
✔ [923/951] Built Mathlib.Data.Finset.Attr (2.6s)
✔ [924/951] Built Mathlib.Order.Filter.Map (8.7s)
✔ [925/951] Built Batteries.Data.List.Pairwise (844ms)
✔ [926/951] Built Mathlib.Tactic.Linarith (4.7s)
✔ [927/955] Built Mathlib.Data.Multiset.AddSub (5.0s)
✔ [928/955] Built Mathlib.Data.List.Lattice (6.3s)
✔ [929/957] Built Mathlib.Order.Filter.Tendsto (5.4s)
✔ [930/958] Built Mathlib.Data.Multiset.Replicate (4.9s)
✔ [931/958] Built Mathlib.Order.Filter.Bases.Basic (8.9s)
✔ [932/958] Built Mathlib.Data.List.Perm.Lattice (4.2s)
✔ [933/958] Built Mathlib.Order.Filter.AtTopBot.Tendsto (3.6s)
✔ [934/958] Built Mathlib.Data.List.Dedup (4.9s)
✔ [935/958] Built Mathlib.Data.Multiset.Basic (6.0s)
✔ [936/958] Built Mathlib.Order.Filter.Prod (12s)
✔ [937/963] Built Mathlib.Data.Multiset.MapFold (9.1s)
✔ [938/964] Built Mathlib.Data.Finset.Empty (6.0s)
✔ [939/964] Built Mathlib.Order.Filter.AtTopBot.Basic (6.8s)
✔ [940/964] Built Mathlib.Algebra.Order.Floor.Ring (27s)
✔ [941/965] Built Mathlib.Order.Filter.Lift (7.7s)
✔ [942/965] Built Mathlib.Data.Finset.Attach (2.8s)
✔ [943/971] Built Mathlib.Data.Multiset.Filter (7.3s)
✔ [944/971] Built Mathlib.Order.Filter.SmallSets (3.6s)
✔ [945/971] Built Mathlib.Data.List.Induction (5.1s)
✔ [946/975] Built Mathlib.Data.Finset.Filter (4.6s)
✔ [947/975] Built Mathlib.Data.Finset.Erase (3.4s)
✔ [948/975] Built Mathlib.Algebra.Order.Round (7.0s)
✔ [949/977] Built Mathlib.Data.Finite.Defs (2.0s)
✔ [950/980] Built Mathlib.Data.Multiset.UnionInter (5.9s)
✔ [951/980] Built Mathlib.Data.List.Infix (5.3s)
✔ [952/985] Built Mathlib.Data.Multiset.Range (2.1s)
✔ [953/985] Built Mathlib.Data.Fintype.Defs (4.5s)
✔ [954/985] Built Mathlib.Data.Multiset.Dedup (3.5s)
✔ [955/985] Built Mathlib.Data.Multiset.Fold (3.0s)
✔ [956/985] Built Mathlib.Order.Hom.Bounded (7.0s)
✔ [957/985] Built Mathlib.Data.Rat.Floor (13s)
✔ [958/985] Built Mathlib.Order.Hom.Lattice (6.9s)
✔ [959/986] Built Mathlib.Data.Multiset.FinsetOps (3.4s)
✔ [960/986] Built Mathlib.Algebra.Order.Group.Multiset (3.2s)
✔ [961/986] Built Mathlib.Data.Finset.Dedup (3.6s)
✔ [962/987] Built Mathlib.Data.Multiset.Lattice (3.0s)
✔ [963/987] Built Mathlib.Data.Finset.Lattice.Basic (6.8s)
✔ [964/987] Built Mathlib.Data.List.Flatten (4.2s)
✔ [965/987] Built Mathlib.Data.Multiset.Sum (2.8s)
✔ [966/990] Built Mathlib.Order.Hom.BoundedLattice (12s)
✔ [967/993] Built Mathlib.Algebra.Order.Archimedean.Basic (13s)
✔ [968/993] Built Mathlib.Data.List.Pairwise (2.1s)
✔ [969/998] Built Mathlib.Data.List.Lex (5.3s)
✔ [970/998] Built Mathlib.Data.Finset.Insert (8.0s)
✔ [971/998] Built Mathlib.Data.List.Rotate (6.4s)
✔ [972/998] Built Mathlib.Data.List.ProdSigma (3.2s)
✔ [973/998] Built Mathlib.Data.Real.Archimedean (8.7s)
✔ [974/998] Built Mathlib.Algebra.BigOperators.Group.Multiset.Defs (4.2s)
✔ [975/998] Built Mathlib.Data.Finset.Lattice.Lemmas (4.6s)
✔ [976/1000] Built Mathlib.Data.List.Chain (8.7s)
✔ [977/1002] Built Mathlib.Data.Finset.SDiff (5.1s)
✔ [978/1002] Built Mathlib.Data.Finset.Range (4.5s)
✔ [979/1004] Built Mathlib.Data.Finset.Disjoint (4.0s)
✔ [980/1004] Built Mathlib.Data.List.Range (2.2s)
✔ [981/1004] Built Mathlib.Data.List.Zip (4.3s)
✔ [982/1004] Built Mathlib.Data.Nat.Choose.Basic (7.9s)
✔ [983/1004] Built Mathlib.Data.Finset.Image (10s)
✔ [984/1004] Built Mathlib.Data.Set.Pairwise.Lattice (5.9s)
✔ [985/1006] Built Mathlib.Data.NNReal.Defs (16s)
✔ [986/1006] Built Mathlib.Algebra.BigOperators.Group.List.Lemmas (4.1s)
✔ [987/1008] Built Mathlib.Data.Finset.Basic (12s)
✔ [988/1008] Built Mathlib.Data.Fintype.OfMap (3.6s)
✔ [989/1008] Built Mathlib.Data.List.Sublists (5.4s)
✔ [990/1008] Built Mathlib.Data.Finset.BooleanAlgebra (4.4s)
✔ [991/1008] Built Mathlib.Algebra.BigOperators.Group.Multiset.Basic (6.4s)
✔ [992/1008] Built Mathlib.Data.ENNReal.Basic (10s)
✔ [993/1008] Built Mathlib.Data.Finset.Fold (4.0s)
✔ [994/1008] Built Mathlib.Data.Finset.SymmDiff (2.2s)
✔ [995/1008] Built Mathlib.Data.Multiset.Bind (6.6s)
✔ [996/1008] Built Mathlib.Analysis.Normed.Group.Seminorm (20s)
✔ [997/1008] Built Mathlib.Data.ENNReal.Real (10s)
✔ [998/1009] Built Mathlib.Data.Fintype.Sets (5.9s)
✔ [999/1009] Built Mathlib.Data.Multiset.Powerset (5.1s)
✔ [1000/1014] Built Mathlib.Data.Int.DivMod (1.2s)
✔ [1001/1016] Built Mathlib.Data.Finset.Card (21s)
✔ [1002/1022] Built Batteries.Data.Nat.Lemmas (2.5s)
✔ [1003/1028] Built Mathlib.Data.Finset.Union (9.0s)
✔ [1004/1029] Built Batteries.Data.Fin.Basic (1.0s)
✔ [1005/1029] Built Mathlib.Data.ENNReal.Operations (12s)
✔ [1006/1032] Built Mathlib.Data.List.Duplicate (4.7s)
✔ [1007/1036] Built Mathlib.Data.Finset.Sum (8.1s)
✔ [1008/1037] Built Batteries.Data.Fin.Lemmas (4.9s)
✔ [1009/1038] Built Mathlib.Data.Finset.Option (4.2s)
✔ [1010/1038] Built Mathlib.Data.Fin.Basic (7.9s)
✔ [1011/1038] Built Mathlib.Order.Interval.Set.Pi (6.2s)
✔ [1012/1038] Built Mathlib.Data.EReal.Basic (11s)
✔ [1013/1040] Built Mathlib.Order.CompleteLattice.Finset (6.1s)
✔ [1014/1044] Built Mathlib.Order.OrdContinuous (3.7s)
✔ [1015/1049] Built Mathlib.Data.Finset.Piecewise (3.7s)
✔ [1016/1049] Built Mathlib.Data.List.Enum (2.6s)
✔ [1017/1049] Built Mathlib.Logic.Function.DependsOn (2.9s)
✔ [1018/1050] Built Mathlib.Data.Multiset.Pi (3.0s)
✔ [1019/1051] Built Mathlib.Data.Finset.Lattice.Fold (19s)
✔ [1020/1053] Built Mathlib.Data.Fin.SuccPred (10s)
✔ [1021/1053] Built Mathlib.Data.List.OffDiag (4.8s)
✔ [1022/1053] Built Mathlib.Data.Finset.Lattice.Union (3.1s)
✔ [1023/1053] Built Mathlib.Data.Finset.Pi (5.1s)
✔ [1024/1053] Built Mathlib.Data.Finset.Max (7.7s)
✔ [1025/1053] Built Mathlib.Data.Fin.Rev (3.6s)
✔ [1026/1053] Built Mathlib.Data.Fin.Embedding (3.7s)
✔ [1027/1055] Built Mathlib.Logic.Embedding.Set (4.9s)
✔ [1028/1055] Built Mathlib.Data.Countable.Defs (3.1s)
✔ [1029/1059] Built Mathlib.Data.Finset.Powerset (5.8s)
✔ [1030/1059] Built Mathlib.Data.Finset.Prod (5.9s)
✔ [1031/1059] Built Mathlib.Order.Fin.Basic (6.2s)
✔ [1032/1061] Built Mathlib.Data.ENat.Defs (2.1s)
✔ [1033/1064] Built Mathlib.Data.Nat.Bits (2.8s)
✔ [1034/1064] Built Mathlib.Data.Nat.Pairing (3.1s)
✔ [1035/1069] Built Mathlib.Data.Nat.Order.Lemmas (2.7s)
✔ [1036/1070] Built Mathlib.Logic.Equiv.Nat (3.4s)
✔ [1037/1072] Built Mathlib.Data.List.MinMax (7.3s)
✔ [1038/1073] Built Mathlib.Order.Filter.Ker (4.2s)
✔ [1039/1073] Built Mathlib.Data.Fin.Tuple.Basic (14s)
✔ [1040/1073] Built Mathlib.Order.Heyting.Boundary (4.3s)
✔ [1041/1073] Built Mathlib.Logic.Encodable.Basic (6.8s)
✔ [1042/1073] Built Mathlib.Order.Minimal (11s)
✔ [1043/1077] Built Mathlib.Data.Countable.Basic (2.3s)
✔ [1044/1077] Built Mathlib.Order.Filter.Curry (2.9s)
✔ [1045/1096] Built Mathlib.Tactic.Continuity.Init (1.4s)
✔ [1046/1099] Built Mathlib.Data.List.OfFn (2.9s)
✔ [1047/1099] Built Mathlib.Tactic.Continuity (1.9s)
✔ [1048/1099] Built Mathlib.Data.Set.Constructions (4.1s)
✔ [1049/1099] Built Mathlib.Data.Fin.VecNotation (8.0s)
✔ [1050/1099] Built Mathlib.Data.List.FinRange (4.2s)
✔ [1051/1101] Built Mathlib.Order.Filter.AtTopBot.Prod (4.7s)
✔ [1052/1101] Built Mathlib.Topology.Defs.Basic (3.7s)
✔ [1053/1101] Built Mathlib.Algebra.Group.Embedding (3.3s)
✔ [1054/1103] Built Mathlib.Data.Fintype.Basic (4.9s)
✔ [1055/1103] Built Mathlib.Data.List.Sort (10s)
✔ [1056/1103] Built Mathlib.Topology.ContinuousMap.Defs (3.4s)
✔ [1057/1110] Built Mathlib.Data.Fintype.Card (4.4s)
✔ [1058/1112] Built Mathlib.Topology.Defs.Filter (5.1s)
✔ [1059/1112] Built Mathlib.Data.List.NodupEquivFin (4.3s)
✔ [1060/1113] Built Mathlib.Order.Hom.WithTopBot (6.8s)
✔ [1061/1113] Built Mathlib.Order.Iterate (2.6s)
✔ [1062/1119] Built Mathlib.Data.Fintype.EquivFin (4.6s)
✔ [1063/1119] Built Mathlib.Data.Finset.Sigma (5.4s)
✔ [1064/1119] Built Mathlib.Data.Finset.Order (2.9s)
✔ [1065/1119] Built Mathlib.Data.Fintype.Prod (3.7s)
✔ [1066/1119] Built Mathlib.Data.Fintype.Powerset (4.9s)
✔ [1067/1119] Built Mathlib.Logic.Denumerable (5.3s)
✔ [1068/1119] Built Mathlib.Data.Set.Finite.Range (2.9s)
✔ [1069/1128] Built Mathlib.Data.Fintype.Option (3.8s)
✔ [1070/1132] Built Mathlib.Order.Cover (11s)
✔ [1071/1134] Built Mathlib.Order.CompleteLattice.Chain (2.4s)
✔ [1072/1134] Built Mathlib.Logic.Equiv.List (4.9s)
✔ [1073/1134] Built Mathlib.Tactic.TautoSet (3.0s)
✔ [1074/1134] Built Mathlib.Data.Set.Finite.Basic (8.2s)
✔ [1075/1134] Built Mathlib.Order.Zorn (2.8s)
✔ [1076/1134] Built Mathlib.Order.ModularLattice (6.7s)
✔ [1077/1134] Built Mathlib.Data.Set.Functor (4.4s)
✔ [1078/1134] Built Mathlib.Data.Fintype.Pi (5.2s)
✔ [1079/1134] Built Mathlib.Topology.Basic (5.1s)
✔ [1080/1134] Built Mathlib.Data.Finset.Preimage (6.3s)
✔ [1081/1134] Built Mathlib.Data.Set.Finite.Powerset (2.0s)
✔ [1082/1134] Built Mathlib.Data.Set.Finite.Lemmas (2.6s)
✔ [1083/1134] Built Mathlib.Order.Preorder.Finite (3.9s)
✔ [1084/1134] Built Mathlib.Order.SuccPred.Basic (14s)
✔ [1085/1134] Built Mathlib.Data.Set.Subset (4.3s)
✔ [1086/1135] Built Mathlib.Data.Finite.Prod (4.0s)
✔ [1087/1135] Built Mathlib.Topology.Defs.Induced (2.0s)
✔ [1088/1135] Built Mathlib.Topology.Closure (7.2s)
✔ [1089/1135] Built Mathlib.Data.Set.Countable (5.5s)
✔ [1090/1135] Built Mathlib.Data.Set.Finite.Lattice (9.2s)
✔ [1091/1139] Built Mathlib.Order.Interval.Set.OrderIso (4.5s)
✔ [1092/1139] Built Mathlib.Order.Interval.Finset.Defs (16s)
✔ [1093/1140] Built Mathlib.Topology.Neighborhoods (5.2s)
✔ [1094/1140] Built Mathlib.Order.ConditionallyCompleteLattice.Finset (7.7s)
✔ [1095/1140] Built Mathlib.Order.Filter.Finite (8.1s)
✔ [1096/1140] Built Mathlib.Order.Atoms (17s)
✔ [1097/1140] Built Mathlib.Topology.NhdsSet (4.4s)
✔ [1098/1140] Built Mathlib.Order.UpperLower.Basic (13s)
✔ [1099/1140] Built Mathlib.Order.Filter.Bases.Finite (4.9s)
✔ [1100/1140] Built Mathlib.Topology.ClusterPt (5.6s)
✔ [1101/1140] Built Mathlib.Order.ZornAtoms (2.9s)
✔ [1102/1145] Built Mathlib.Order.UpperLower.Fibration (2.9s)
✔ [1103/1152] Built Mathlib.Data.Fintype.Order (5.8s)
✔ [1104/1152] Built Mathlib.Order.Interval.Finset.Basic (16s)
✔ [1105/1152] Built Mathlib.Order.Filter.CountablyGenerated (4.6s)
✔ [1106/1152] Built Mathlib.Order.Filter.AtTopBot.Finite (4.1s)
✔ [1107/1152] Built Mathlib.Order.UpperLower.CompleteLattice (8.7s)
✔ [1108/1152] Built Mathlib.Order.Filter.Pi (6.1s)
✔ [1109/1152] Built Mathlib.Order.Filter.Interval (6.4s)
✔ [1110/1153] Built Mathlib.Topology.Continuous (6.4s)
✔ [1111/1153] Built Mathlib.Order.Filter.Ultrafilter.Defs (5.3s)
✔ [1112/1153] Built Mathlib.Order.Filter.CountableInter (5.7s)
✔ [1113/1153] Built Mathlib.Order.Interval.Multiset (4.0s)
✔ [1114/1153] Built Mathlib.Order.UpperLower.Principal (3.4s)
✔ [1115/1153] Built Mathlib.Order.Filter.AtTopBot.CountablyGenerated (3.7s)
✔ [1116/1153] Built Mathlib.Topology.Separation.SeparatedNhds (4.3s)
✔ [1117/1155] Built Mathlib.Order.Filter.Cofinite (5.3s)
✔ [1118/1155] Built Mathlib.Topology.Defs.Ultrafilter (4.1s)
✔ [1119/1155] Built Mathlib.Topology.Order (9.3s)
✔ [1120/1155] Built Mathlib.Order.UpperLower.Closure (6.8s)
✔ [1121/1157] Built Mathlib.Order.Interval.Finset.Nat (7.5s)
✔ [1122/1157] Built Mathlib.Order.Filter.Ultrafilter.Basic (3.7s)
✔ [1123/1157] Built Mathlib.Data.Fintype.Sigma (9.2s)
✔ [1124/1157] Built Mathlib.Topology.Bornology.Basic (4.5s)
✔ [1125/1157] Built Mathlib.Data.Nat.Lattice (5.1s)
✔ [1126/1157] Built Mathlib.Data.Set.BoolIndicator (3.9s)
✔ [1127/1164] Built Mathlib.Topology.Maps.Basic (8.1s)
✔ [1128/1164] Built Mathlib.Order.PartialSups (5.8s)
✔ [1129/1164] Built Mathlib.Topology.Ultrafilter (3.0s)
✔ [1130/1166] Built Mathlib.Data.Finite.Sigma (2.2s)
✔ [1131/1170] Built Mathlib.Data.Set.Accumulate (2.5s)
✔ [1132/1171] Built Mathlib.Topology.Homeomorph.Defs (6.9s)
✔ [1133/1172] Built Mathlib.Order.SuccPred.Archimedean (6.0s)
✔ [1134/1172] Built Mathlib.Algebra.Notation.Indicator (5.7s)
✔ [1135/1175] Built Mathlib.Algebra.BigOperators.Ring.List (2.8s)
✔ [1136/1175] Built Mathlib.Order.SuccPred.Relation (3.3s)
✔ [1137/1175] Built Mathlib.Data.Multiset.Antidiagonal (4.2s)
✔ [1138/1180] Built Mathlib.Data.Multiset.Sections (4.5s)
✔ [1139/1180] Built Mathlib.Algebra.BigOperators.Group.Finset.Defs (15s)
✔ [1140/1181] Built Mathlib.Data.Multiset.OrderedMonoid (2.8s)
✔ [1141/1181] Built Mathlib.Topology.Constructions.SumProd (13s)
✔ [1142/1181] Built Mathlib.Algebra.Order.BigOperators.Group.List (5.5s)
✔ [1143/1186] Built Mathlib.Algebra.BigOperators.Ring.Multiset (3.7s)
✔ [1144/1186] Built Mathlib.Algebra.BigOperators.Group.Finset.Pi (3.2s)
✔ [1145/1186] Built Mathlib.Algebra.Order.BigOperators.GroupWithZero.List (3.7s)
✔ [1146/1186] Built Mathlib.Algebra.Order.BigOperators.Group.Multiset (6.1s)
✔ [1147/1189] Built Mathlib.Algebra.Order.BigOperators.Ring.List (2.9s)
✔ [1148/1191] Built Mathlib.Algebra.Order.BigOperators.GroupWithZero.Multiset (3.4s)
✔ [1149/1191] Built Mathlib.Algebra.NoZeroSMulDivisors.Defs (3.3s)
✔ [1150/1191] Built Mathlib.Algebra.Order.BigOperators.Ring.Multiset (3.5s)
✔ [1151/1191] Built Mathlib.Topology.Constructions (14s)
✔ [1152/1191] Built Mathlib.Algebra.Group.Commutator (1.8s)
✔ [1153/1192] Built Mathlib.Algebra.NoZeroSMulDivisors.Basic (2.3s)
✔ [1154/1192] Built Mathlib.Topology.GDelta.Basic (4.8s)
✔ [1155/1192] Built Mathlib.Tactic.Group (4.7s)
✔ [1156/1192] Built Mathlib.Topology.NhdsWithin (8.2s)
✔ [1157/1193] Built Mathlib.Algebra.BigOperators.Group.Finset.Basic (29s)
✔ [1158/1193] Built Mathlib.Algebra.Order.Module.Field (6.0s)
✔ [1159/1193] Built Mathlib.Topology.Baire.Lemmas (6.2s)
✔ [1160/1193] Built Mathlib.Algebra.Order.BigOperators.GroupWithZero.Finset (6.1s)
✔ [1161/1193] Built Mathlib.Data.ENNReal.Inv (16s)
✔ [1162/1193] Built Mathlib.Topology.ContinuousOn (12s)
✔ [1163/1197] Built Mathlib.Algebra.BigOperators.Group.Finset.Sigma (5.1s)
✔ [1164/1202] Built Mathlib.Algebra.BigOperators.GroupWithZero.Finset (5.1s)
✔ [1165/1202] Built Mathlib.Topology.Maps.OpenQuotient (5.3s)
✔ [1166/1202] Built Mathlib.Data.Rel (19s)
✔ [1167/1202] Built Mathlib.Algebra.BigOperators.Group.Finset.Piecewise (12s)
✔ [1168/1202] Built Mathlib.Topology.Clopen (6.1s)
✔ [1169/1202] Built Mathlib.Topology.Bases (16s)
✔ [1170/1202] Built Mathlib.Topology.Piecewise (6.6s)
✔ [1171/1202] Built Mathlib.Topology.LocallyFinite (5.3s)
✔ [1172/1202] Built Mathlib.Topology.Compactness.Compact (15s)
✔ [1173/1202] Built Mathlib.Topology.Order.LeftRight (4.2s)
✔ [1174/1202] Built Mathlib.Data.Rel.Separated (2.5s)
✔ [1175/1202] Built Mathlib.Topology.Compactness.LocallyFinite (4.8s)
✔ [1176/1202] Built Mathlib.Topology.Inseparable (9.0s)
✔ [1177/1204] Built Mathlib.Algebra.BigOperators.Ring.Finset (8.2s)
✔ [1178/1204] Built Mathlib.Data.Rel.Cover (2.4s)
✔ [1179/1206] Built Mathlib.Algebra.Order.BigOperators.Group.Finset (13s)
✔ [1180/1207] Built Mathlib.Topology.Compactness.LocallyCompact (4.4s)
✔ [1181/1207] Built Mathlib.Algebra.BigOperators.Group.Finset.Lemmas (4.4s)
✔ [1182/1207] Built Mathlib.Topology.UniformSpace.Defs (10s)
✔ [1183/1208] Built Mathlib.Algebra.Order.BigOperators.Ring.Finset (12s)
✔ [1184/1208] Built Mathlib.Topology.Compactness.SigmaCompact (6.7s)
✔ [1185/1208] Built Mathlib.Algebra.FiniteSupport.Defs (4.8s)
✔ [1186/1208] Built Mathlib.Topology.Separation.Basic (13s)
✔ [1187/1209] Built Mathlib.Algebra.BigOperators.Pi (7.0s)
✔ [1188/1209] Built Mathlib.Topology.UniformSpace.OfFun (5.6s)
✔ [1189/1210] Built Mathlib.Algebra.Module.Equiv.Defs (31s)
✔ [1190/1210] Built Mathlib.Algebra.Group.Indicator (7.4s)
✔ [1191/1210] Built Mathlib.Topology.UniformSpace.Basic (15s)
✔ [1192/1210] Built Mathlib.Algebra.Group.Support (3.1s)
✔ [1193/1212] Built Mathlib.Topology.Compactness.Lindelof (11s)
✔ [1194/1212] Built Mathlib.Algebra.Notation.FiniteSupport (2.8s)
✔ [1195/1216] Built Mathlib.Algebra.Algebra.Rat (4.1s)
✔ [1196/1218] Built Mathlib.Topology.DiscreteSubset (9.0s)
✔ [1197/1218] Built Mathlib.Algebra.Group.Hom.End (2.6s)
✔ [1198/1220] Built Mathlib.Algebra.Order.Group.Indicator (4.9s)
✔ [1199/1220] Built Mathlib.Algebra.GroupWithZero.Action.Pi (4.5s)
✔ [1200/1220] Built Mathlib.Algebra.Module.End (4.5s)
✔ [1201/1221] Built Mathlib.Topology.Irreducible (8.8s)
✔ [1202/1222] Built Mathlib.Algebra.FiniteSupport.Basic (4.6s)
✔ [1203/1222] Built Mathlib.Data.NNRat.Order (3.6s)
✔ [1204/1222] Built Mathlib.Topology.EMetricSpace.Defs (16s)
✔ [1205/1222] Built Mathlib.Algebra.Module.Pi (4.3s)
✔ [1206/1222] Built Mathlib.Algebra.BigOperators.Option (2.3s)
✔ [1207/1222] Built Mathlib.Topology.Separation.Hausdorff (8.1s)
✔ [1208/1222] Built Mathlib.Data.Fintype.Sum (5.6s)
✔ [1209/1224] Built Mathlib.Data.Finset.Density (13s)
✔ [1210/1226] Built Mathlib.Data.Vector.Defs (4.2s)
✔ [1211/1226] Built Mathlib.Control.Applicative (3.5s)
✔ [1212/1230] Built Mathlib.Topology.Order.OrderClosed (17s)
✔ [1213/1230] Built Mathlib.Control.Traversable.Basic (2.6s)
✔ [1214/1230] Built Mathlib.Topology.MetricSpace.Pseudo.Defs (19s)
✔ [1215/1232] Built Mathlib.Tactic.ApplyFun (4.5s)
✔ [1216/1232] Built Mathlib.Algebra.BigOperators.Finprod (34s)
✔ [1217/1233] Built Mathlib.Topology.Connected.Basic (8.0s)
✔ [1218/1233] Built Mathlib.Data.Vector.Basic (8.8s)
✔ [1219/1233] Built Mathlib.Topology.MetricSpace.Defs (3.0s)
✔ [1220/1233] Built Mathlib.Algebra.Group.Pointwise.Set.Scalar (5.2s)
✔ [1221/1237] Built Mathlib.Algebra.BigOperators.GroupWithZero.Action (4.9s)
✔ [1222/1238] Built Mathlib.Algebra.Group.Pointwise.Set.ListOfFn (3.7s)
✔ [1223/1238] Built Mathlib.Topology.Order.Basic (21s)
✔ [1224/1238] Built Mathlib.Topology.Connected.Clopen (9.6s)
✔ [1225/1238] Built Mathlib.Algebra.Group.Pointwise.Set.Finite (4.9s)
✔ [1226/1239] Built Mathlib.Data.Sym.Basic (6.2s)
✔ [1227/1239] Built Mathlib.Algebra.Order.Nonneg.Floor (1.8s)
✔ [1228/1239] Built Mathlib.Data.Finset.Lattice.Prod (4.0s)
✔ [1229/1243] Built Mathlib.Data.Fintype.Vector (3.0s)
✔ [1230/1243] Built Mathlib.Topology.Separation.Regular (7.0s)
✔ [1231/1245] Built Mathlib.Algebra.Group.Action.Pointwise.Set.Basic (8.5s)
✔ [1232/1245] Built Mathlib.Algebra.Group.Equiv.TypeTags (6.6s)
✔ [1233/1247] Built Mathlib.Data.Finset.NAry (7.3s)
✔ [1234/1247] Built Mathlib.Algebra.GroupWithZero.Prod (2.7s)
✔ [1235/1250] Built Mathlib.Topology.Order.T5 (3.9s)
✔ [1236/1250] Built Mathlib.Data.Fintype.BigOperators (5.8s)
✔ [1237/1250] Built Mathlib.Algebra.Group.Action.Prod (4.0s)
✔ [1238/1250] Built Mathlib.Algebra.GroupWithZero.Pointwise.Set.Basic (2.2s)
✔ [1239/1254] Built Mathlib.Topology.Order.Real (4.6s)
✔ [1240/1254] Built Mathlib.Algebra.Order.Module.Pointwise (5.3s)
✔ [1241/1254] Built Mathlib.Algebra.Group.End (10s)
✔ [1242/1257] Built Mathlib.Algebra.Group.Subsemigroup.Defs (6.1s)
✔ [1243/1257] Built Mathlib.Algebra.Group.Action.End (4.3s)
✔ [1244/1258] Built Mathlib.Analysis.Normed.Group.Defs (8.8s)
✔ [1245/1258] Built Mathlib.Algebra.Group.Subsemigroup.Basic (4.6s)
✔ [1246/1260] Built Mathlib.Algebra.Group.Commute.Hom (1.6s)
✔ [1247/1260] Built Mathlib.Algebra.Group.Submonoid.Defs (6.4s)
✔ [1248/1260] Built Mathlib.Algebra.GroupWithZero.Action.Basic (4.1s)
✔ [1249/1260] Built Mathlib.Algebra.Group.Pointwise.Finset.Basic (20s)
✔ [1250/1260] Built Mathlib.Algebra.GroupWithZero.Indicator (3.8s)
✔ [1251/1260] Built Mathlib.Algebra.Module.Basic (4.4s)
✔ [1252/1263] Built Mathlib.Algebra.Group.Submonoid.Basic (6.4s)
✔ [1253/1263] Built Mathlib.Data.Finset.NoncommProd (7.0s)
✔ [1254/1266] Built Mathlib.Algebra.GroupWithZero.Action.Pointwise.Set (5.5s)
✔ [1255/1266] Built Mathlib.Order.SuccPred.WithBot (2.8s)
✔ [1256/1267] Built Mathlib.Algebra.Group.Submonoid.BigOperators (5.3s)
✔ [1257/1267] Built Mathlib.Data.Real.Pointwise (5.7s)
✔ [1258/1268] Built Mathlib.Algebra.BigOperators.Expect (11s)
✔ [1259/1268] Built Mathlib.Order.Interval.Set.SuccPred (5.4s)
✔ [1260/1268] Built Mathlib.Order.SuccPred.Limit (11s)
✔ [1261/1268] Built Mathlib.Topology.UniformSpace.Compact (4.0s)
✔ [1262/1270] Built Mathlib.Topology.Algebra.Support (8.8s)
✔ [1263/1271] Built Mathlib.Data.NNReal.Basic (6.7s)
✔ [1264/1274] Built Mathlib.Order.Interval.Finset.SuccPred (10s)
✔ [1265/1278] Built Mathlib.Topology.Connected.LocallyConnected (4.2s)
✔ [1266/1278] Built Mathlib.Algebra.Order.SuccPred (9.1s)
✔ [1267/1278] Built Mathlib.Logic.Equiv.Fin.Basic (7.0s)
✔ [1268/1281] Built Mathlib.Topology.UniformSpace.DiscreteUniformity (3.7s)
✔ [1269/1281] Built Mathlib.Topology.Connected.TotallyDisconnected (5.1s)
✔ [1270/1284] Built Mathlib.Topology.DenseEmbedding (5.7s)
✔ [1271/1286] Built Mathlib.Data.Nat.SuccPred (3.6s)
✔ [1272/1294] Built Mathlib.Algebra.Order.Interval.Finset.SuccPred (5.5s)
✔ [1273/1294] Built Mathlib.Topology.UniformSpace.Separation (5.2s)
✔ [1274/1294] Built Mathlib.Topology.Bornology.Constructions (4.5s)
✔ [1275/1294] Built Mathlib.Order.Filter.AtTopBot.Map (2.1s)
✔ [1276/1304] Built Mathlib.Order.Filter.AtTopBot.CompleteLattice (2.3s)
✔ [1277/1306] Built Mathlib.Topology.Homeomorph.Lemmas (8.8s)
✔ [1279/1310] Built Mathlib.Order.Filter.AtTopBot.Monoid (4.2s)
✔ [1280/1310] Built Mathlib.Data.ENNReal.Lemmas (2.9s)
✔ [1281/1310] Built CoveringCodes.Database.ProofMode (2.0s)
✔ [1282/1310] Built Mathlib.Topology.MetricSpace.Pseudo.Constructions (5.2s)
✔ [1283/1310] Built Mathlib.Topology.Algebra.Constructions (4.2s)
✔ [1284/1310] Built Mathlib.Order.Filter.AtTopBot.Group (3.3s)
✔ [1285/1310] Built Mathlib.Topology.UniformSpace.Cauchy (7.3s)
✔ [1286/1310] Built Mathlib.Topology.Order.LeftRightNhds (8.5s)
✔ [1287/1310] Built Mathlib.Topology.UniformSpace.UniformConvergence (6.5s)
✔ [1288/1310] Built Mathlib.Topology.UniformSpace.UniformEmbedding (8.0s)
✔ [1289/1310] Built Mathlib.Topology.UniformSpace.LocallyUniformConvergence (4.2s)
✔ [1290/1310] Built Mathlib.Topology.UniformSpace.Pi (3.9s)
✔ [1291/1310] Built Mathlib.Topology.Order.IsLUB (10s)
✔ [1292/1310] Built Mathlib.Topology.Metrizable.Basic (2.9s)
✔ [1293/1310] Built Mathlib.Topology.Order.DenselyOrdered (5.9s)
✔ [1294/1310] Built Mathlib.Topology.EMetricSpace.Basic (7.7s)
✔ [1295/1310] Built Mathlib.Topology.EMetricSpace.Pi (2.8s)
✔ [1296/1310] Built Mathlib.Topology.MetricSpace.Pseudo.Lemmas (2.0s)
✔ [1297/1310] Built Mathlib.Topology.MetricSpace.Pseudo.Basic (3.9s)
✔ [1298/1310] Built Mathlib.Topology.MetricSpace.Pseudo.Pi (2.1s)
✔ [1299/1310] Built Mathlib.Topology.MetricSpace.Basic (1.9s)
✔ [1300/1310] Built Mathlib.Analysis.Normed.Group.Basic (8.4s)
✔ [1301/1310] Built Mathlib.InformationTheory.Hamming (2.2s)
✔ [1302/1310] Built CoveringCodes.Basic (1.6s)
✔ [1303/1310] Built CoveringCodes.Balls (1.4s)
✔ [1304/1310] Built CoveringCodes.Covers (1.5s)
✔ [1305/1310] Built CoveringCodes.CoveringNumber (1.5s)
✔ [1306/1310] Built CoveringCodes.Database.ExplicitCode (1.3s)
✔ [1307/1310] Built CoveringRecords.Candidate (1.5s)
✔ [1308/1310] Built CoveringRecords.Tiny (1.6s)
✖ [1309/1310] Building CoveringRecords (446ms)
trace: .> LEAN_PATH=/workspace/james-theorems/research/covering-codes/formal/.lake/packages/Cli/.lake/build/lib/lean:/workspace/james-theorems/research/covering-codes/formal/.lake/packages/batteries/.lake/build/lib/lean:/workspace/james-theorems/research/covering-codes/formal/.lake/packages/Qq/.lake/build/lib/lean:/workspace/james-theorems/research/covering-codes/formal/.lake/packages/aesop/.lake/build/lib/lean:/workspace/james-theorems/research/covering-codes/formal/.lake/packages/proofwidgets/.lake/build/lib/lean:/workspace/james-theorems/research/covering-codes/formal/.lake/packages/importGraph/.lake/build/lib/lean:/workspace/james-theorems/research/covering-codes/formal/.lake/packages/LeanSearchClient/.lake/build/lib/lean:/workspace/james-theorems/research/covering-codes/formal/.lake/packages/plausible/.lake/build/lib/lean:/workspace/james-theorems/research/covering-codes/formal/.lake/packages/mathlib/.lake/build/lib/lean:/workspace/james-theorems/research/covering-codes/formal/.lake/packages/CoveringCodes/.lake/build/lib/lean:/workspace/james-theorems/research/covering-codes/formal/.lake/build/lib/lean /home/agent/.elan/toolchains/leanprover--lean4---v4.30.0-rc2/bin/lean /workspace/james-theorems/research/covering-codes/formal/CoveringRecords.lean -o /workspace/james-theorems/research/covering-codes/formal/.lake/build/lib/lean/CoveringRecords.olean -i /workspace/james-theorems/research/covering-codes/formal/.lake/build/lib/lean/CoveringRecords.ilean -c /workspace/james-theorems/research/covering-codes/formal/.lake/build/ir/CoveringRecords.c --setup /workspace/james-theorems/research/covering-codes/formal/.lake/build/ir/CoveringRecords.setup.json --json
error: CoveringRecords.lean:1:0: object file '/workspace/james-theorems/research/covering-codes/formal/.lake/build/lib/lean/CoveringRecords/Selector.olean' of module CoveringRecords.Selector does not exist
error: Lean exited with code 1
Some required targets logged failures:
- CoveringRecords
error: build failed
