'CoveringRecords.principalClaim_of_explicit' depends on axioms: [propext, Classical.choice, Quot.sound]
'CoveringRecords.q2_n3_r1_m2' depends on axioms: [propext, Classical.choice, Quot.sound]
'CoveringRecords.covers_of_selector' depends on axioms: [propext, Classical.choice, Quot.sound]
'CoveringRecords.principal_card_le' depends on axioms: [propext, Classical.choice, Quot.sound]
'CoveringRecords.hammingSphere_q7_n9_r4' depends on axioms: [propext, Classical.choice, Quot.sound]
'CoveringRecords.sphereLower_q7_n9_r4' depends on axioms: [propext, Classical.choice, Quot.sound]
'CoveringRecords.Orbit.linear_add' depends on axioms: [propext, Classical.choice, Quot.sound]
'CoveringRecords.Orbit.hamming_translate' depends on axioms: [propext, Classical.choice, Quot.sound]
'CoveringRecords.Orbit.normalize_prefix' depends on axioms: [propext, Classical.choice, Quot.sound]
'CoveringRecords.Orbit.coefficients_linear' depends on axioms: [propext, Classical.choice, Quot.sound]
'CoveringRecords.Orbit.linear_injective' depends on axioms: [propext, Classical.choice, Quot.sound]
'CoveringRecords.Orbit.decomposition' depends on axioms: [propext, Classical.choice, Quot.sound]
'CoveringRecords.Orbit.coset_transport' depends on axioms: [propext, Classical.choice, Quot.sound]
'CoveringRecords.Orbit.coset_card' depends on axioms: [propext, Classical.choice, Quot.sound]
'CoveringRecords.Orbit.cosets_transport' depends on axioms: [propext, Classical.choice, Quot.sound]
'CoveringRecords.Orbit.transport_normalization' depends on axioms: [propext, Classical.choice, Quot.sound]
'CoveringRecords.CompactReplay.covers_of_partition' depends on axioms: [propext, Classical.choice, Quot.sound]
'CoveringRecords.CompactReplay.principal_upper_of_partition' depends on axioms: [propext, Classical.choice, Quot.sound]
'CoveringRecords.CompactReplay.original_first_word_member' depends on axioms: [propext, Classical.choice, Quot.sound]
'CoveringRecords.CompactReplay.original_first_word_covers_pilot' depends on axioms: [propext,
 Classical.choice,
 Quot.sound]
